Archive member included because of file (symbol)

build/sky/contiki-ng-sky.a(button-sensor.o)
                              assignment_2.o (button_sensor)
build/sky/contiki-ng-sky.a(sensors.o)
                              assignment_2.o (sensors_event)
build/sky/contiki-ng-sky.a(uart1-putchar.o)
                              assignment_2.o (putchar)
build/sky/contiki-ng-sky.a(platform.o)
                              build/sky/obj/contiki-main.o (platform_init_stage_one)
build/sky/contiki-ng-sky.a(msp430.o)
                              build/sky/contiki-ng-sky.a(platform.o) (msp430_dco_required)
build/sky/contiki-ng-sky.a(clock.o)
                              assignment_2.o (clock_init)
build/sky/contiki-ng-sky.a(leds.o)
                              build/sky/contiki-ng-sky.a(platform.o) (leds_init)
build/sky/contiki-ng-sky.a(leds-arch.o)
                              build/sky/contiki-ng-sky.a(leds.o) (leds_arch_init)
build/sky/contiki-ng-sky.a(watchdog.o)
                              build/sky/obj/contiki-main.o (watchdog_start)
build/sky/contiki-ng-sky.a(autostart.o)
                              build/sky/obj/contiki-main.o (autostart_start)
build/sky/contiki-ng-sky.a(energest.o)
                              build/sky/obj/contiki-main.o (energest_init)
build/sky/contiki-ng-sky.a(etimer.o)
                              build/sky/contiki-ng-sky.a(clock.o) (etimer_request_poll)
build/sky/contiki-ng-sky.a(log.o)
                              build/sky/obj/contiki-main.o (log_lladdr)
build/sky/contiki-ng-sky.a(ctimer.o)
                              build/sky/obj/contiki-main.o (ctimer_init)
build/sky/contiki-ng-sky.a(rtimer.o)
                              build/sky/obj/contiki-main.o (rtimer_init)
build/sky/contiki-ng-sky.a(node-id.o)
                              build/sky/obj/contiki-main.o (node_id_init)
build/sky/contiki-ng-sky.a(process.o)
                              build/sky/contiki-ng-sky.a(etimer.o) (process_current)
build/sky/contiki-ng-sky.a(timer.o)
                              build/sky/contiki-ng-sky.a(button-sensor.o) (timer_set)
build/sky/contiki-ng-sky.a(stack-check.o)
                              build/sky/obj/contiki-main.o (stack_check_init)
build/sky/contiki-ng-sky.a(list.o)
                              build/sky/contiki-ng-sky.a(ctimer.o) (list_init)
build/sky/contiki-ng-sky.a(random.o)
                              build/sky/contiki-ng-sky.a(platform.o) (random_init)
build/sky/contiki-ng-sky.a(serial-line.o)
                              build/sky/contiki-ng-sky.a(platform.o) (serial_line_input_byte)
build/sky/contiki-ng-sky.a(queuebuf.o)
                              build/sky/obj/contiki-main.o (queuebuf_init)
build/sky/contiki-ng-sky.a(packetbuf.o)
                              build/sky/contiki-ng-sky.a(queuebuf.o) (packetbuf_copyto)
build/sky/contiki-ng-sky.a(netstack.o)
                              build/sky/obj/contiki-main.o (netstack_init)
build/sky/contiki-ng-sky.a(linkaddr.o)
                              build/sky/contiki-ng-sky.a(platform.o) (linkaddr_copy)
build/sky/contiki-ng-sky.a(csma.o)
                              build/sky/obj/contiki-main.o (csma_driver)
build/sky/contiki-ng-sky.a(csma-output.o)
                              build/sky/contiki-ng-sky.a(csma.o) (csma_output_packet)
build/sky/contiki-ng-sky.a(nullnet.o)
                              build/sky/obj/contiki-main.o (nullnet_driver)
build/sky/contiki-ng-sky.a(nullrouting.o)
                              build/sky/obj/contiki-main.o (nullrouting_driver)
build/sky/contiki-ng-sky.a(contiki-sky-pla)
                              build/sky/contiki-ng-sky.a(platform.o) (init_platform)
build/sky/contiki-ng-sky.a(ds2411.o)
                              build/sky/contiki-ng-sky.a(platform.o) (ds2411_init)
build/sky/contiki-ng-sky.a(xmem.o)
                              build/sky/contiki-ng-sky.a(platform.o) (xmem_init)
build/sky/contiki-ng-sky.a(cc2420.o)
                              build/sky/contiki-ng-sky.a(platform.o) (cc2420_set_pan_addr)
build/sky/contiki-ng-sky.a(cc2420-arch.o)
                              build/sky/contiki-ng-sky.a(cc2420.o) (cc2420_arch_init)
build/sky/contiki-ng-sky.a(uart1.o)
                              build/sky/contiki-ng-sky.a(platform.o) (uart1_active)
build/sky/contiki-ng-sky.a(rtimer-arch.o)
                              build/sky/contiki-ng-sky.a(rtimer.o) (rtimer_arch_init)
build/sky/contiki-ng-sky.a(memb.o)
                              build/sky/contiki-ng-sky.a(queuebuf.o) (memb_init)
build/sky/contiki-ng-sky.a(ringbuf.o)
                              build/sky/contiki-ng-sky.a(serial-line.o) (ringbuf_init)
build/sky/contiki-ng-sky.a(mac-sequence.o)
                              build/sky/contiki-ng-sky.a(csma.o) (mac_sequence_is_duplicate)
build/sky/contiki-ng-sky.a(mac.o)
                              build/sky/contiki-ng-sky.a(csma-output.o) (mac_call_sent_callback)
build/sky/contiki-ng-sky.a(framer-802154.o)
[...]
Memory Configuration

Name             Origin             Length             Attributes
sfr              0x00000000         0x00000010
peripheral_8bit  0x00000010         0x000000f0
peripheral_16bit 0x00000100         0x00000100
ram_mirror       0x00000200         0x00000800         xw
infomem          0x00001000         0x00000100
infob            0x00001000         0x00000080
infoa            0x00001080         0x00000080
ram              0x00001100         0x00002800         xw
rom              0x00004000         0x0000bfe0         xr
vectors          0x0000ffe0         0x00000020
bsl              0x00000000         0x00000000
infoc            0x00000000         0x00000000
infod            0x00000000         0x00000000
ram2             0x00000000         0x00000000         xw
usbram           0x00000000         0x00000000         xw
far_rom          0x00000000         0x00000000
*default*        0x00000000         0xffffffff

Linker script and memory map

LOAD /usr/local/bin/../lib/gcc/msp430/4.7.2/mmpy-16/crt0ivtbl16.o
                0x00001cc0                _stack = _end
LOAD assignment_2.o
LOAD build/sky/obj/contiki-main.o
LOAD build/sky/contiki-ng-sky.a
LOAD /usr/local/bin/../lib/gcc/msp430/4.7.2/../../../../msp430/lib/mmpy-16/libm.a
LOAD /usr/local/bin/../lib/gcc/msp430/4.7.2/mmpy-16/libgcc.a
LOAD /usr/local/bin/../lib/gcc/msp430/4.7.2/../../../../msp430/lib/mmpy-16/libc.a
LOAD /usr/local/bin/../lib/gcc/msp430/4.7.2/mmpy-16/libgcc.a
LOAD /usr/local/bin/../lib/gcc/msp430/4.7.2/mmpy-16/libcrt0.a
                0x00000080                PROVIDE (__info_segment_size, 0x80)
                0x00001000                PROVIDE (__infob, 0x1000)
                0x00001080                PROVIDE (__infoa, 0x1080)
                0x00000000                __IE1 = 0x0
                0x00000002                __IFG1 = 0x2
                0x00000004                __ME1 = 0x4
                0x00000001                __IE2 = 0x1
                0x00000003                __IFG2 = 0x3
                0x00000005                __ME2 = 0x5
                0x00000120                __WDTCTL = 0x120
                0x00000130                __MPY = 0x130
                0x00000132                __MPYS = 0x132
                0x00000134                __MAC = 0x134
                0x00000136                __MACS = 0x136
                0x00000138                __OP2 = 0x138
                0x0000013a                __RESLO = 0x13a
                0x0000013c                __RESHI = 0x13c
                0x0000013e                __SUMEXT = 0x13e
                0x00000020                __P1IN = 0x20
                0x00000021                __P1OUT = 0x21
                0x00000022                __P1DIR = 0x22
                0x00000023                __P1IFG = 0x23
                0x00000024                __P1IES = 0x24
                0x00000025                __P1IE = 0x25
                0x00000026                __P1SEL = 0x26
                0x00000028                __P2IN = 0x28
                0x00000029                __P2OUT = 0x29
                0x0000002a                __P2DIR = 0x2a
                0x0000002b                __P2IFG = 0x2b
                0x0000002c                __P2IES = 0x2c
                0x0000002d                __P2IE = 0x2d
                0x0000002e                __P2SEL = 0x2e
                0x00000018                __P3IN = 0x18
                0x00000019                __P3OUT = 0x19
                0x0000001a                __P3DIR = 0x1a
                0x0000001b                __P3SEL = 0x1b
                0x0000001c                __P4IN = 0x1c
                0x0000001d                __P4OUT = 0x1d
                0x0000001e                __P4DIR = 0x1e
                0x0000001f                __P4SEL = 0x1f
                0x00000030                __P5IN = 0x30
                0x00000031                __P5OUT = 0x31
                0x00000032                __P5DIR = 0x32
                0x00000033                __P5SEL = 0x33
                0x00000034                __P6IN = 0x34
                0x00000035                __P6OUT = 0x35
                0x00000036                __P6DIR = 0x36
                0x00000037                __P6SEL = 0x37
                0x00000070                __U0CTL = 0x70
                0x00000071                __U0TCTL = 0x71
                0x00000072                __U0RCTL = 0x72
                0x00000073                __U0MCTL = 0x73
                0x00000074                __U0BR0 = 0x74
                0x00000075                __U0BR1 = 0x75
                0x00000076                __U0RXBUF = 0x76
                0x00000077                __U0TXBUF = 0x77
                0x00000078                __U1CTL = 0x78
                0x00000079                __U1TCTL = 0x79
                0x0000007a                __U1RCTL = 0x7a
                0x0000007b                __U1MCTL = 0x7b
                0x0000007c                __U1BR0 = 0x7c
                0x0000007d                __U1BR1 = 0x7d
                0x0000007e                __U1RXBUF = 0x7e
                0x0000007f                __U1TXBUF = 0x7f
                0x00000050                __I2CIE = 0x50
                0x00000051                __I2CIFG = 0x51
                0x00000052                __I2CNDAT = 0x52
                0x00000071                __I2CTCTL = 0x71
                0x00000072                __I2CDCTL = 0x72
                0x00000073                __I2CPSC = 0x73
                0x00000074                __I2CSCLH = 0x74
                0x00000075                __I2CSCLL = 0x75
                0x00000076                __I2CDRB = 0x76
                0x00000076                __I2CDRW = 0x76
                0x00000118                __I2COA = 0x118
                0x0000011a                __I2CSA = 0x11a
                0x0000011c                __I2CIV = 0x11c
                0x0000012e                __TAIV = 0x12e
                0x00000160                __TACTL = 0x160
                0x00000162                __TACCTL0 = 0x162
                0x00000164                __TACCTL1 = 0x164
                0x00000166                __TACCTL2 = 0x166
                0x00000170                __TAR = 0x170
                0x00000172                __TACCR0 = 0x172
                0x00000174                __TACCR1 = 0x174
                0x00000176                __TACCR2 = 0x176
                0x0000011e                __TBIV = 0x11e
                0x00000180                __TBCTL = 0x180
                0x00000182                __TBCCTL0 = 0x182
                0x00000184                __TBCCTL1 = 0x184
                0x00000186                __TBCCTL2 = 0x186
                0x00000188                __TBCCTL3 = 0x188
                0x0000018a                __TBCCTL4 = 0x18a
                0x0000018c                __TBCCTL5 = 0x18c
                0x0000018e                __TBCCTL6 = 0x18e
                0x00000190                __TBR = 0x190
                0x00000192                __TBCCR0 = 0x192
                0x00000194                __TBCCR1 = 0x194
                0x00000196                __TBCCR2 = 0x196
                0x00000198                __TBCCR3 = 0x198
                0x0000019a                __TBCCR4 = 0x19a
                0x0000019c                __TBCCR5 = 0x19c
                0x0000019e                __TBCCR6 = 0x19e
                0x00000056                __DCOCTL = 0x56
                0x00000057                __BCSCTL1 = 0x57
                0x00000058                __BCSCTL2 = 0x58
                0x00000055                __SVSCTL = 0x55
                0x00000128                __FCTL1 = 0x128
                0x0000012a                __FCTL2 = 0x12a
                0x0000012c                __FCTL3 = 0x12c
                0x00000059                __CACTL1 = 0x59
                0x0000005a                __CACTL2 = 0x5a
                0x0000005b                __CAPD = 0x5b
                0x000001a0                __ADC12CTL0 = 0x1a0
                0x000001a2                __ADC12CTL1 = 0x1a2
                0x000001a4                __ADC12IFG = 0x1a4
                0x000001a6                __ADC12IE = 0x1a6
                0x000001a8                __ADC12IV = 0x1a8
                0x00000140                __ADC12MEM0 = 0x140
                0x00000142                __ADC12MEM1 = 0x142
                0x00000144                __ADC12MEM2 = 0x144
                0x00000146                __ADC12MEM3 = 0x146
                0x00000148                __ADC12MEM4 = 0x148
                0x0000014a                __ADC12MEM5 = 0x14a
                0x0000014c                __ADC12MEM6 = 0x14c
                0x0000014e                __ADC12MEM7 = 0x14e
                0x00000150                __ADC12MEM8 = 0x150
                0x00000152                __ADC12MEM9 = 0x152
                0x00000154                __ADC12MEM10 = 0x154
                0x00000156                __ADC12MEM11 = 0x156
                0x00000158                __ADC12MEM12 = 0x158
                0x0000015a                __ADC12MEM13 = 0x15a
                0x0000015c                __ADC12MEM14 = 0x15c
                0x0000015e                __ADC12MEM15 = 0x15e
                0x00000080                __ADC12MCTL0 = 0x80
                0x00000081                __ADC12MCTL1 = 0x81
                0x00000082                __ADC12MCTL2 = 0x82
                0x00000083                __ADC12MCTL3 = 0x83
                0x00000084                __ADC12MCTL4 = 0x84
                0x00000085                __ADC12MCTL5 = 0x85
                0x00000086                __ADC12MCTL6 = 0x86
                0x00000087                __ADC12MCTL7 = 0x87
                0x00000088                __ADC12MCTL8 = 0x88
                0x00000089                __ADC12MCTL9 = 0x89
                0x0000008a                __ADC12MCTL10 = 0x8a
                0x0000008b                __ADC12MCTL11 = 0x8b
                0x0000008c                __ADC12MCTL12 = 0x8c
                0x0000008d                __ADC12MCTL13 = 0x8d
                0x0000008e                __ADC12MCTL14 = 0x8e
                0x0000008f                __ADC12MCTL15 = 0x8f
                0x000001c0                __DAC12_0CTL = 0x1c0
                0x000001c2                __DAC12_1CTL = 0x1c2
                0x000001c8                __DAC12_0DAT = 0x1c8
                0x000001ca                __DAC12_1DAT = 0x1ca
                0x00000122                __DMACTL0 = 0x122
                0x00000124                __DMACTL1 = 0x124
                0x000001e0                __DMA0CTL = 0x1e0
                0x000001e8                __DMA1CTL = 0x1e8
                0x000001f0                __DMA2CTL = 0x1f0
                0x000001e2                __DMA0SA = 0x1e2
                0x000001e4                __DMA0DA = 0x1e4
                0x000001e6                __DMA0SZ = 0x1e6
                0x000001ea                __DMA1SA = 0x1ea
                0x000001ec                __DMA1DA = 0x1ec
                0x000001ee                __DMA1SZ = 0x1ee
                0x000001f2                __DMA2SA = 0x1f2
                0x000001f4                __DMA2DA = 0x1f4
                0x000001f6                __DMA2SZ = 0x1f6

.hash
 *(.hash)

.dynsym
 *(.dynsym)

.dynstr
 *(.dynstr)

.gnu.version
 *(.gnu.version)

.gnu.version_d
 *(.gnu.version_d)

.gnu.version_r
 *(.gnu.version_r)

.rel.init
 *(.rel.init)

.rela.init
 *(.rela.init)

.rel.fini
 *(.rel.fini)

.rela.fini
 *(.rela.fini)

.rel.text
 *(.rel.text .rel.text.* .rel.gnu.linkonce.t.*)

.rela.text
 *(.rela.text .rela.text.* .rela.gnu.linkonce.t.*)

.rel.rodata
 *(.rel.rodata .rel.rodata.* .rel.gnu.linkonce.r.*)

.rela.rodata
 *(.rela.rodata .rela.rodata.* .rela.gnu.linkonce.r.*)

.rel.data
 *(.rel.data .rel.data.* .rel.gnu.linkonce.d.*)

.rela.data
 *(.rela.data .rela.data.* .rela.gnu.linkonce.d.*)

.rel.bss
 *(.rel.bss .rel.bss.* .rel.gnu.linkonce.b.*)

.rela.bss
 *(.rela.bss .rela.bss.* .rela.gnu.linkonce.b.*)

.rel.ctors
 *(.rel.ctors)

.rela.ctors
 *(.rela.ctors)

.rel.dtors
 *(.rel.dtors)

.rela.dtors
 *(.rela.dtors)

.rel.got
 *(.rel.got)

.rela.got
 *(.rela.got)

.rel.plt
 *(.rel.plt)

.rela.plt
 *(.rela.plt)

.text           0x00004000     0x66fa
                0x00004000                . = ALIGN (0x2)
 *(.init .init.*)
 *(.init0)
 .init0         0x00004000        0x0 /usr/local/bin/../lib/gcc/msp430/4.7.2/mmpy-16/libcrt0.a(_reset_vector__.o)
                0x00004000                _reset_vector__
 *(.init1)
 .init1         0x00004000        0xc /usr/local/bin/../lib/gcc/msp430/4.7.2/mmpy-16/libcrt0.a(__watchdog_support.o)
                0x00004000                __watchdog_support
 *(.init2)
 .init2         0x0000400c        0x4 /usr/local/bin/../lib/gcc/msp430/4.7.2/mmpy-16/libcrt0.a(__init_stack.o)
                0x0000400c                __init_stack
 *(.init3)
 .init3         0x00004010        0x0 /usr/local/bin/../lib/gcc/msp430/4.7.2/mmpy-16/libcrt0.a(__low_level_init.o)
                0x00004010                __low_level_init
 *(.init4)
 .init4         0x00004010       0x18 /usr/local/bin/../lib/gcc/msp430/4.7.2/mmpy-16/libcrt0.a(_copy_data.o)
                0x00004010                __do_copy_data
 .init4         0x00004028       0x16 /usr/local/bin/../lib/gcc/msp430/4.7.2/mmpy-16/libcrt0.a(_clear_bss.o)
                0x00004028                __do_clear_bss
 *(.init5)
 *(.init6)
 *(.init7)
 *(.init8)
 *(.init9)
 .init9         0x0000403e      0x1c4 build/sky/obj/contiki-main.o
                0x0000403e                main
 *(.fini9)
 .fini9         0x00004202        0x0 /usr/local/bin/../lib/gcc/msp430/4.7.2/mmpy-16/libcrt0.a(__stop_progExec__.o)
                0x00004202                __stop_progExec__
 *(.fini8)
 *(.fini7)
 *(.fini6)
 *(.fini5)
 *(.fini4)
 *(.fini3)
 *(.fini2)
 *(.fini1)
 *(.fini0)
 .fini0         0x00004202        0x6 /usr/local/bin/../lib/gcc/msp430/4.7.2/mmpy-16/libcrt0.a(_endless_loop__.o)
                0x00004202                _endless_loop__
 *(.fini .fini.*)
                0x00004208                . = ALIGN (0x2)
                0x00004208                __ctors_start = .
 *(.ctors)
                0x00004208                __ctors_end = .
                0x00004208                __dtors_start = .
 *(.dtors)
                0x00004208                __dtors_end = .
                0x00004208                . = ALIGN (0x2)
 *(.text .text.* .gnu.linkonce.t.*)
 .text          0x00004208        0x4 /usr/local/bin/../lib/gcc/msp430/4.7.2/mmpy-16/crt0ivtbl16.o
                0x00004208                __isr_14
                0x00004208                __isr_11
                0x00004208                __isr_2
                0x00004208                __isr_7
                0x00004208                __isr_0
                0x00004208                __isr_8
                0x00004208                __isr_3
                0x00004208                __isr_12
                0x00004208                __isr_13
                0x00004208                __isr_9
 .text.print_double
                0x0000420c       0x56 assignment_2.o
                0x0000420c                print_double
 .text.print_array
                0x00004262       0x3c assignment_2.o
                0x00004262                print_array
 .text.dct      0x0000429e       0xb2 assignment_2.o
                0x0000429e                dct
 .text.process_thread_dct_process
                0x00004350       0x8e assignment_2.o
 .text.status   0x000043de       0x18 build/sky/contiki-ng-sky.a(button-sensor.o)
 .text.value    0x000043f6       0x20 build/sky/contiki-ng-sky.a(button-sensor.o)
 .text.configure
                0x00004416       0x4c build/sky/contiki-ng-sky.a(button-sensor.o)
 .text.irq_p2   0x00004462       0x46 build/sky/contiki-ng-sky.a(button-sensor.o)
                0x00004462                irq_p2
                0x00004462                __isr_1
 .text.process_thread_sensors_process
                0x000044a8       0xc2 build/sky/contiki-ng-sky.a(sensors.o)
 .text.sensors_changed
                0x0000456a       0x2a build/sky/contiki-ng-sky.a(sensors.o)
                0x0000456a                sensors_changed
 .text.putchar  0x00004594       0x10 build/sky/contiki-ng-sky.a(uart1-putchar.o)
                0x00004594                putchar
 .text.platform_init_stage_one
                0x000045a4       0x12 build/sky/contiki-ng-sky.a(platform.o)
                0x000045a4                platform_init_stage_one
 .text.platform_init_stage_two
                0x000045b6       0x68 build/sky/contiki-ng-sky.a(platform.o)
                0x000045b6                platform_init_stage_two
 .text.platform_init_stage_three
                0x0000461e       0x86 build/sky/contiki-ng-sky.a(platform.o)
                0x0000461e                platform_init_stage_three
 .text.platform_idle
                0x000046a4       0x54 build/sky/contiki-ng-sky.a(platform.o)
                0x000046a4                platform_idle
 .text.msp430_init_dco
                0x000046f8       0x82 build/sky/contiki-ng-sky.a(msp430.o)
                0x000046f8                msp430_init_dco
 .text.msp430_add_lpm_req
                0x0000477a        0xc build/sky/contiki-ng-sky.a(msp430.o)
                0x0000477a                msp430_add_lpm_req
 .text.msp430_cpu_init
                0x00004786       0x2a build/sky/contiki-ng-sky.a(msp430.o)
                0x00004786                msp430_cpu_init
 .text.splhigh_
                0x000047b0        0x8 build/sky/contiki-ng-sky.a(msp430.o)
                0x000047b0                splhigh_
 .text.msp430_sync_dco
                0x000047b8       0x6c build/sky/contiki-ng-sky.a(msp430.o)
                0x000047b8                msp430_sync_dco
 .text.timera1  0x00004824       0xdc build/sky/contiki-ng-sky.a(clock.o)
                0x00004824                __isr_5
                0x00004824                timera1
 .text.clock_time
                0x00004900       0x1a build/sky/contiki-ng-sky.a(clock.o)
                0x00004900                clock_time
 .text.clock_init
                0x0000491a       0x28 build/sky/contiki-ng-sky.a(clock.o)
                0x0000491a                clock_init
 .text.clock_delay
                0x00004942        0xc build/sky/contiki-ng-sky.a(clock.o)
                0x00004942                clock_delay
 .text.clock_seconds
                0x0000494e       0x1a build/sky/contiki-ng-sky.a(clock.o)
                0x0000494e                clock_seconds
 .text.leds_init
                0x00004968        0x6 build/sky/contiki-ng-sky.a(leds.o)
                0x00004968                leds_init
 .text.leds_on  0x0000496e       0x12 build/sky/contiki-ng-sky.a(leds.o)
                0x0000496e                leds_on
 .text.leds_off
                0x00004980       0x12 build/sky/contiki-ng-sky.a(leds.o)
                0x00004980                leds_off
 .text.leds_arch_init
                0x00004992        0xe build/sky/contiki-ng-sky.a(leds-arch.o)
                0x00004992                leds_arch_init
 .text.leds_arch_get
                0x000049a0       0x34 build/sky/contiki-ng-sky.a(leds-arch.o)
                0x000049a0                leds_arch_get
 .text.leds_arch_set
                0x000049d4       0x3e build/sky/contiki-ng-sky.a(leds-arch.o)
                0x000049d4                leds_arch_set
 .text.watchdog_interrupt
                0x00004a12        0x6 build/sky/contiki-ng-sky.a(watchdog.o)
                0x00004a12                __isr_10
                0x00004a12                watchdog_interrupt
 .text.watchdog_start
                0x00004a18       0x14 build/sky/contiki-ng-sky.a(watchdog.o)
                0x00004a18                watchdog_start
 .text.watchdog_periodic
                0x00004a2c       0x12 build/sky/contiki-ng-sky.a(watchdog.o)
                0x00004a2c                watchdog_periodic
 .text.watchdog_stop
                0x00004a3e       0x16 build/sky/contiki-ng-sky.a(watchdog.o)
                0x00004a3e                watchdog_stop
 .text.watchdog_init
                0x00004a54       0x12 build/sky/contiki-ng-sky.a(watchdog.o)
                0x00004a54                watchdog_init
 .text.autostart_start
                0x00004a66       0x16 build/sky/contiki-ng-sky.a(autostart.o)
                0x00004a66                autostart_start
 .text.energest_init
                0x00004a7c        0x2 build/sky/contiki-ng-sky.a(energest.o)
                0x00004a7c                energest_init
 .text.energest_flush
                0x00004a7e        0x2 build/sky/contiki-ng-sky.a(energest.o)
                0x00004a7e                energest_flush
 .text.update_time
                0x00004a80       0x78 build/sky/contiki-ng-sky.a(etimer.o)
 .text.etimer_request_poll
                0x00004af8        0xa build/sky/contiki-ng-sky.a(etimer.o)
                0x00004af8                etimer_request_poll
 .text.process_thread_etimer_process
                0x00004b02       0xcc build/sky/contiki-ng-sky.a(etimer.o)
 .text.add_timer
                0x00004bce       0x40 build/sky/contiki-ng-sky.a(etimer.o)
 .text.etimer_set
                0x00004c0e       0x12 build/sky/contiki-ng-sky.a(etimer.o)
                0x00004c0e                etimer_set
 .text.etimer_reset
                0x00004c20       0x12 build/sky/contiki-ng-sky.a(etimer.o)
                0x00004c20                etimer_reset
 .text.etimer_expired
                0x00004c32        0xe build/sky/contiki-ng-sky.a(etimer.o)
                0x00004c32                etimer_expired
 .text.etimer_pending
                0x00004c40        0xc build/sky/contiki-ng-sky.a(etimer.o)
                0x00004c40                etimer_pending
 .text.etimer_next_expiration_time
                0x00004c4c       0x16 build/sky/contiki-ng-sky.a(etimer.o)
                0x00004c4c                etimer_next_expiration_time
 .text.etimer_stop
                0x00004c62       0x3e build/sky/contiki-ng-sky.a(etimer.o)
                0x00004c62                etimer_stop
 .text.log_lladdr
                0x00004ca0       0x44 build/sky/contiki-ng-sky.a(log.o)
                0x00004ca0                log_lladdr
 .text.process_thread_ctimer_process
                0x00004ce4       0xa8 build/sky/contiki-ng-sky.a(ctimer.o)
 .text.ctimer_init
                0x00004d8c       0x18 build/sky/contiki-ng-sky.a(ctimer.o)
                0x00004d8c                ctimer_init
 .text.ctimer_set_with_process
                0x00004da4       0x4e build/sky/contiki-ng-sky.a(ctimer.o)
                0x00004da4                ctimer_set_with_process
 .text.ctimer_set
                0x00004df2       0x10 build/sky/contiki-ng-sky.a(ctimer.o)
                0x00004df2                ctimer_set
 .text.ctimer_reset
                0x00004e02       0x30 build/sky/contiki-ng-sky.a(ctimer.o)
                0x00004e02                ctimer_reset
 .text.ctimer_stop
                0x00004e32       0x28 build/sky/contiki-ng-sky.a(ctimer.o)
                0x00004e32                ctimer_stop
 .text.rtimer_init
                0x00004e5a        0x6 build/sky/contiki-ng-sky.a(rtimer.o)
                0x00004e5a                rtimer_init
 .text.rtimer_run_next
                0x00004e60       0x26 build/sky/contiki-ng-sky.a(rtimer.o)
                0x00004e60                rtimer_run_next
 .text.node_id_init
                0x00004e86       0x14 build/sky/contiki-ng-sky.a(node-id.o)
                0x00004e86                node_id_init
 .text.call_process
                0x00004e9a       0x46 build/sky/contiki-ng-sky.a(process.o)
 .text.exit_process
                0x00004ee0       0x96 build/sky/contiki-ng-sky.a(process.o)
 .text.do_poll  0x00004f76       0x30 build/sky/contiki-ng-sky.a(process.o)
 .text.process_alloc_event
                0x00004fa6        0xe build/sky/contiki-ng-sky.a(process.o)
                0x00004fa6                process_alloc_event
 .text.process_init
                0x00004fb4       0x18 build/sky/contiki-ng-sky.a(process.o)
                0x00004fb4                process_init
 .text.process_run
                0x00004fcc       0x92 build/sky/contiki-ng-sky.a(process.o)
                0x00004fcc                process_run
 .text.process_nevents
                0x0000505e        0xe build/sky/contiki-ng-sky.a(process.o)
                0x0000505e                process_nevents
 .text.process_post
                0x0000506c       0x42 build/sky/contiki-ng-sky.a(process.o)
                0x0000506c                process_post
 .text.process_post_synch
                0x000050ae       0x12 build/sky/contiki-ng-sky.a(process.o)
                0x000050ae                process_post_synch
 .text.process_start
                0x000050c0       0x36 build/sky/contiki-ng-sky.a(process.o)
                0x000050c0                process_start
 .text.process_poll
                0x000050f6       0x18 build/sky/contiki-ng-sky.a(process.o)
                0x000050f6                process_poll
 .text.timer_set
                0x0000510e       0x1c build/sky/contiki-ng-sky.a(timer.o)
                0x0000510e                timer_set
 .text.timer_expired
                0x0000512a       0x2a build/sky/contiki-ng-sky.a(timer.o)
                0x0000512a                timer_expired
 .text.timer_reset
                0x00005154       0x1c build/sky/contiki-ng-sky.a(timer.o)
                0x00005154                timer_reset
 .text.stack_check_init
                0x00005170       0x2e build/sky/contiki-ng-sky.a(stack-check.o)
                0x00005170                stack_check_init
 .text.stack_check_get_usage
                0x0000519e       0x54 build/sky/contiki-ng-sky.a(stack-check.o)
                0x0000519e                stack_check_get_usage
 .text.process_thread_stack_check_process
                0x000051f2       0xea build/sky/contiki-ng-sky.a(stack-check.o)
 .text.list_init
                0x000052dc        0x6 build/sky/contiki-ng-sky.a(list.o)
                0x000052dc                list_init
 .text.list_head
                0x000052e2        0x4 build/sky/contiki-ng-sky.a(list.o)
                0x000052e2                list_head
 .text.list_tail
                0x000052e6       0x12 build/sky/contiki-ng-sky.a(list.o)
                0x000052e6                list_tail
 .text.list_remove
                0x000052f8       0x34 build/sky/contiki-ng-sky.a(list.o)
                0x000052f8                list_remove
 .text.list_add
                0x0000532c       0x2a build/sky/contiki-ng-sky.a(list.o)
                0x0000532c                list_add
 .text.list_length
                0x00005356       0x10 build/sky/contiki-ng-sky.a(list.o)
                0x00005356                list_length
 .text.list_item_next
                0x00005366        0xc build/sky/contiki-ng-sky.a(list.o)
                0x00005366                list_item_next
 .text.random_init
                0x00005372        0x6 build/sky/contiki-ng-sky.a(random.o)
                0x00005372                random_init
 .text.random_rand
                0x00005378        0x6 build/sky/contiki-ng-sky.a(random.o)
                0x00005378                random_rand
 .text.process_thread_serial_line_process
                0x0000537e       0xa4 build/sky/contiki-ng-sky.a(serial-line.o)
 .text.serial_line_input_byte
                0x00005422       0x42 build/sky/contiki-ng-sky.a(serial-line.o)
                0x00005422                serial_line_input_byte
 .text.serial_line_init
                0x00005464       0x1c build/sky/contiki-ng-sky.a(serial-line.o)
                0x00005464                serial_line_init
 .text.queuebuf_init
                0x00005480       0x12 build/sky/contiki-ng-sky.a(queuebuf.o)
                0x00005480                queuebuf_init
 .text.queuebuf_new_from_packetbuf
                0x00005492       0x52 build/sky/contiki-ng-sky.a(queuebuf.o)
                0x00005492                queuebuf_new_from_packetbuf
 .text.queuebuf_update_attr_from_packetbuf
                0x000054e4       0x12 build/sky/contiki-ng-sky.a(queuebuf.o)
                0x000054e4                queuebuf_update_attr_from_packetbuf
 .text.queuebuf_free
                0x000054f6       0x2a build/sky/contiki-ng-sky.a(queuebuf.o)
                0x000054f6                queuebuf_free
 .text.queuebuf_to_packetbuf
                0x00005520       0x32 build/sky/contiki-ng-sky.a(queuebuf.o)
                0x00005520                queuebuf_to_packetbuf
 .text.packetbuf_hdrreduce
                0x00005552       0x1a build/sky/contiki-ng-sky.a(packetbuf.o)
                0x00005552                packetbuf_hdrreduce
 .text.packetbuf_set_datalen
                0x0000556c        0x6 build/sky/contiki-ng-sky.a(packetbuf.o)
                0x0000556c                packetbuf_set_datalen
 .text.packetbuf_hdrptr
                0x00005572        0x6 build/sky/contiki-ng-sky.a(packetbuf.o)
                0x00005572                packetbuf_hdrptr
 .text.packetbuf_datalen
                0x00005578        0x6 build/sky/contiki-ng-sky.a(packetbuf.o)
                0x00005578                packetbuf_datalen
 .text.packetbuf_hdrlen
                0x0000557e        0xa build/sky/contiki-ng-sky.a(packetbuf.o)
                0x0000557e                packetbuf_hdrlen
 .text.packetbuf_dataptr
                0x00005588        0xc build/sky/contiki-ng-sky.a(packetbuf.o)
                0x00005588                packetbuf_dataptr
 .text.packetbuf_copyto
                0x00005594       0x46 build/sky/contiki-ng-sky.a(packetbuf.o)
                0x00005594                packetbuf_copyto
 .text.packetbuf_totlen
                0x000055da        0xc build/sky/contiki-ng-sky.a(packetbuf.o)
                0x000055da                packetbuf_totlen
 .text.packetbuf_hdralloc
                0x000055e6       0x3c build/sky/contiki-ng-sky.a(packetbuf.o)
                0x000055e6                packetbuf_hdralloc
 .text.packetbuf_attr_clear
                0x00005622       0x28 build/sky/contiki-ng-sky.a(packetbuf.o)
                0x00005622                packetbuf_attr_clear
 .text.packetbuf_clear
                0x0000564a       0x12 build/sky/contiki-ng-sky.a(packetbuf.o)
                0x0000564a                packetbuf_clear
 .text.packetbuf_copyfrom
                0x0000565c       0x2e build/sky/contiki-ng-sky.a(packetbuf.o)
                0x0000565c                packetbuf_copyfrom
 .text.packetbuf_attr_copyto
                0x0000568a       0x22 build/sky/contiki-ng-sky.a(packetbuf.o)
                0x0000568a                packetbuf_attr_copyto
 .text.packetbuf_attr_copyfrom
                0x000056ac       0x24 build/sky/contiki-ng-sky.a(packetbuf.o)
                0x000056ac                packetbuf_attr_copyfrom
 .text.packetbuf_set_attr
                0x000056d0        0xc build/sky/contiki-ng-sky.a(packetbuf.o)
                0x000056d0                packetbuf_set_attr
 .text.packetbuf_attr
                0x000056dc        0xa build/sky/contiki-ng-sky.a(packetbuf.o)
                0x000056dc                packetbuf_attr
 .text.packetbuf_set_addr
                0x000056e6       0x18 build/sky/contiki-ng-sky.a(packetbuf.o)
                0x000056e6                packetbuf_set_addr
 .text.packetbuf_addr
                0x000056fe       0x12 build/sky/contiki-ng-sky.a(packetbuf.o)
                0x000056fe                packetbuf_addr
 .text.packetbuf_holds_broadcast
                0x00005710        0xe build/sky/contiki-ng-sky.a(packetbuf.o)
                0x00005710                packetbuf_holds_broadcast
 .text.netstack_init
                0x0000571e        0xe build/sky/contiki-ng-sky.a(netstack.o)
                0x0000571e                netstack_init
 .text.linkaddr_copy
                0x0000572c        0x8 build/sky/contiki-ng-sky.a(linkaddr.o)
                0x0000572c                linkaddr_copy
 .text.linkaddr_cmp
                0x00005734       0x12 build/sky/contiki-ng-sky.a(linkaddr.o)
                0x00005734                linkaddr_cmp
 .text.linkaddr_set_node_addr
                0x00005746        0xc build/sky/contiki-ng-sky.a(linkaddr.o)
                0x00005746                linkaddr_set_node_addr
 .text.on       0x00005752        0x6 build/sky/contiki-ng-sky.a(csma.o)
 .text.off      0x00005758        0x6 build/sky/contiki-ng-sky.a(csma.o)
 .text.max_payload
                0x0000575e       0x38 build/sky/contiki-ng-sky.a(csma.o)
 .text.send_packet
                0x00005796        0x6 build/sky/contiki-ng-sky.a(csma.o)
 .text.init     0x0000579c       0x1c build/sky/contiki-ng-sky.a(csma.o)
 .text.input_packet
                0x000057b8       0x58 build/sky/contiki-ng-sky.a(csma.o)
 .text.schedule_transmission
                0x00005810       0x70 build/sky/contiki-ng-sky.a(csma-output.o)
 .text.tx_done  0x00005880       0x9a build/sky/contiki-ng-sky.a(csma-output.o)
 .text.transmit_from_queue
                0x0000591a      0x1bc build/sky/contiki-ng-sky.a(csma-output.o)
 .text.csma_output_packet
                0x00005ad6      0x184 build/sky/contiki-ng-sky.a(csma-output.o)
                0x00005ad6                csma_output_packet
 .text.csma_output_init
                0x00005c5a       0x1a build/sky/contiki-ng-sky.a(csma-output.o)
                0x00005c5a                csma_output_init
 .text.init     0x00005c74        0x6 build/sky/contiki-ng-sky.a(nullnet.o)
 .text.output   0x00005c7a       0x42 build/sky/contiki-ng-sky.a(nullnet.o)
 .text.input    0x00005cbc       0x40 build/sky/contiki-ng-sky.a(nullnet.o)
 .text.init     0x00005cfc        0x2 build/sky/contiki-ng-sky.a(nullrouting.o)
 .text.root_set_prefix
                0x00005cfe        0x2 build/sky/contiki-ng-sky.a(nullrouting.o)
 .text.root_start
                0x00005d00        0x4 build/sky/contiki-ng-sky.a(nullrouting.o)
 .text.node_is_root
                0x00005d04        0x4 build/sky/contiki-ng-sky.a(nullrouting.o)
 .text.get_root_ipaddr
                0x00005d08        0x4 build/sky/contiki-ng-sky.a(nullrouting.o)
 .text.get_sr_node_ipaddr
                0x00005d0c        0x4 build/sky/contiki-ng-sky.a(nullrouting.o)
 .text.leave_network
                0x00005d10        0x2 build/sky/contiki-ng-sky.a(nullrouting.o)
 .text.node_has_joined
                0x00005d12        0x4 build/sky/contiki-ng-sky.a(nullrouting.o)
 .text.node_is_reachable
                0x00005d16        0x4 build/sky/contiki-ng-sky.a(nullrouting.o)
 .text.global_repair
                0x00005d1a        0x2 build/sky/contiki-ng-sky.a(nullrouting.o)
 .text.local_repair
                0x00005d1c        0x2 build/sky/contiki-ng-sky.a(nullrouting.o)
 .text.ext_header_remove
                0x00005d1e        0x4 build/sky/contiki-ng-sky.a(nullrouting.o)
 .text.ext_header_update
                0x00005d22        0x4 build/sky/contiki-ng-sky.a(nullrouting.o)
 .text.ext_header_hbh_update
                0x00005d26        0x4 build/sky/contiki-ng-sky.a(nullrouting.o)
 .text.ext_header_srh_update
                0x00005d2a        0x4 build/sky/contiki-ng-sky.a(nullrouting.o)
 .text.ext_header_srh_get_next_hop
                0x00005d2e        0x4 build/sky/contiki-ng-sky.a(nullrouting.o)
 .text.link_callback
                0x00005d32        0x2 build/sky/contiki-ng-sky.a(nullrouting.o)
 .text.neighbor_state_changed
                0x00005d34        0x2 build/sky/contiki-ng-sky.a(nullrouting.o)
 .text.drop_route
                0x00005d36        0x2 build/sky/contiki-ng-sky.a(nullrouting.o)
 .text.is_in_leaf_mode
                0x00005d38        0x4 build/sky/contiki-ng-sky.a(nullrouting.o)
 .text.init_platform
                0x00005d3c        0xc build/sky/contiki-ng-sky.a(contiki-sky-pla)
                0x00005d3c                init_platform
 .text.owreadb  0x00005d48       0x50 build/sky/contiki-ng-sky.a(ds2411.o)
 .text.ds2411_init
                0x00005d98      0x120 build/sky/contiki-ng-sky.a(ds2411.o)
                0x00005d98                ds2411_init
 .text.xmem_init
                0x00005eb8       0x3c build/sky/contiki-ng-sky.a(xmem.o)
                0x00005eb8                xmem_init
 .text.get_object
                0x00005ef4        0x4 build/sky/contiki-ng-sky.a(cc2420.o)
 .text.set_object
                0x00005ef8        0x4 build/sky/contiki-ng-sky.a(cc2420.o)
 .text.strobe   0x00005efc       0x1c build/sky/contiki-ng-sky.a(cc2420.o)
 .text.getreg   0x00005f18       0x4c build/sky/contiki-ng-sky.a(cc2420.o)
 .text.setreg   0x00005f64       0x4c build/sky/contiki-ng-sky.a(cc2420.o)
 .text.write_ram
                0x00005fb0       0x7c build/sky/contiki-ng-sky.a(cc2420.o)
 .text.write_fifo_buf
                0x0000602c       0x3c build/sky/contiki-ng-sky.a(cc2420.o)
 .text.get_status
                0x00006068       0x20 build/sky/contiki-ng-sky.a(cc2420.o)
 .text.on       0x00006088       0x1a build/sky/contiki-ng-sky.a(cc2420.o)
 .text.cc2420_receiving_packet
                0x000060a2        0xc build/sky/contiki-ng-sky.a(cc2420.o)
 .text.pending_packet
                0x000060ae        0x8 build/sky/contiki-ng-sky.a(cc2420.o)
 .text.wait_for_transmission
                0x000060b6       0x22 build/sky/contiki-ng-sky.a(cc2420.o)
 .text.wait_for_status
                0x000060d8       0x28 build/sky/contiki-ng-sky.a(cc2420.o)
 .text.getrxdata
                0x00006100       0x50 build/sky/contiki-ng-sky.a(cc2420.o)
 .text.flushrx  0x00006150       0x1a build/sky/contiki-ng-sky.a(cc2420.o)
 .text.off      0x0000616a       0x28 build/sky/contiki-ng-sky.a(cc2420.o)
 .text.RELEASE_LOCK
                0x00006192       0x28 build/sky/contiki-ng-sky.a(cc2420.o)
 .text.set_key  0x000061ba       0x18 build/sky/contiki-ng-sky.a(cc2420.o)
 .text.set_frame_filtering
                0x000061d2       0x30 build/sky/contiki-ng-sky.a(cc2420.o)
 .text.set_auto_ack
                0x00006202       0x30 build/sky/contiki-ng-sky.a(cc2420.o)
 .text.set_poll_mode
                0x00006232       0x2c build/sky/contiki-ng-sky.a(cc2420.o)
 .text.cc2420_prepare
                0x0000625e       0x46 build/sky/contiki-ng-sky.a(cc2420.o)
 .text.cc2420_on
                0x000062a4       0x22 build/sky/contiki-ng-sky.a(cc2420.o)
                0x000062a4                cc2420_on
 .text.cc2420_transmit
                0x000062c6       0x66 build/sky/contiki-ng-sky.a(cc2420.o)
 .text.cc2420_send
                0x0000632c       0x12 build/sky/contiki-ng-sky.a(cc2420.o)
 .text.cc2420_off
                0x0000633e       0x30 build/sky/contiki-ng-sky.a(cc2420.o)
                0x0000633e                cc2420_off
 .text.cc2420_cca
                0x0000636e       0x68 build/sky/contiki-ng-sky.a(cc2420.o)
 .text.cc2420_read
                0x000063d6       0xbe build/sky/contiki-ng-sky.a(cc2420.o)
 .text.process_thread_cc2420_process
                0x00006494       0x62 build/sky/contiki-ng-sky.a(cc2420.o)
 .text.encrypt  0x000064f6       0x88 build/sky/contiki-ng-sky.a(cc2420.o)
 .text.cc2420_set_channel
                0x0000657e       0x3c build/sky/contiki-ng-sky.a(cc2420.o)
                0x0000657e                cc2420_set_channel
 .text.cc2420_set_pan_addr
                0x000065ba       0x4c build/sky/contiki-ng-sky.a(cc2420.o)
                0x000065ba                cc2420_set_pan_addr
 .text.cc2420_interrupt
                0x00006606       0x16 build/sky/contiki-ng-sky.a(cc2420.o)
                0x00006606                cc2420_interrupt
 .text.cc2420_set_txpower
                0x0000661c       0x2c build/sky/contiki-ng-sky.a(cc2420.o)
                0x0000661c                cc2420_set_txpower
 .text.cc2420_get_txpower
                0x00006648       0x1e build/sky/contiki-ng-sky.a(cc2420.o)
                0x00006648                cc2420_get_txpower
 .text.cc2420_rssi
                0x00006666       0x4c build/sky/contiki-ng-sky.a(cc2420.o)
                0x00006666                cc2420_rssi
 .text.get_value
                0x000066b2      0x11e build/sky/contiki-ng-sky.a(cc2420.o)
 .text.cc2420_set_cca_threshold
                0x000067d0       0x16 build/sky/contiki-ng-sky.a(cc2420.o)
                0x000067d0                cc2420_set_cca_threshold
 .text.set_value
                0x000067e6      0x150 build/sky/contiki-ng-sky.a(cc2420.o)
 .text.cc2420_init
                0x00006936       0xea build/sky/contiki-ng-sky.a(cc2420.o)
                0x00006936                cc2420_init
 .text.cc2420_port1_interrupt
                0x00006a20       0x20 build/sky/contiki-ng-sky.a(cc2420-arch.o)
                0x00006a20                __isr_4
                0x00006a20                cc2420_port1_interrupt
 .text.cc2420_arch_init
                0x00006a40       0x1a build/sky/contiki-ng-sky.a(cc2420-arch.o)
                0x00006a40                cc2420_arch_init
 .text.handle_rxdma_timer
                0x00006a5a       0x3a build/sky/contiki-ng-sky.a(uart1.o)
 .text.uart1_active
                0x00006a94       0x18 build/sky/contiki-ng-sky.a(uart1.o)
                0x00006a94                uart1_active
 .text.uart1_set_input
                0x00006aac       0x20 build/sky/contiki-ng-sky.a(uart1.o)
                0x00006aac                uart1_set_input
 .text.uart1_writeb
                0x00006acc       0x18 build/sky/contiki-ng-sky.a(uart1.o)
                0x00006acc                uart1_writeb
 .text.uart1_init
                0x00006ae4       0xf4 build/sky/contiki-ng-sky.a(uart1.o)
                0x00006ae4                uart1_init
 .text.timera0  0x00006bd8       0x2e build/sky/contiki-ng-sky.a(rtimer-arch.o)
                0x00006bd8                __isr_6
                0x00006bd8                timera0
 .text.rtimer_arch_init
                0x00006c06        0xe build/sky/contiki-ng-sky.a(rtimer-arch.o)
                0x00006c06                rtimer_arch_init
 .text.rtimer_arch_now
                0x00006c14        0xe build/sky/contiki-ng-sky.a(rtimer-arch.o)
                0x00006c14                rtimer_arch_now
 .text.rtimer_arch_schedule
                0x00006c22        0x6 build/sky/contiki-ng-sky.a(rtimer-arch.o)
                0x00006c22                rtimer_arch_schedule
 .text.memb_init
                0x00006c28       0x36 build/sky/contiki-ng-sky.a(memb.o)
                0x00006c28                memb_init
 .text.memb_alloc
                0x00006c5e       0x3e build/sky/contiki-ng-sky.a(memb.o)
                0x00006c5e                memb_alloc
 .text.memb_free
                0x00006c9c       0x32 build/sky/contiki-ng-sky.a(memb.o)
                0x00006c9c                memb_free
 .text.memb_inmemb
                0x00006cce       0x2a build/sky/contiki-ng-sky.a(memb.o)
                0x00006cce                memb_inmemb
 .text.ringbuf_init
                0x00006cf8       0x14 build/sky/contiki-ng-sky.a(ringbuf.o)
                0x00006cf8                ringbuf_init
 .text.ringbuf_put
                0x00006d0c       0x38 build/sky/contiki-ng-sky.a(ringbuf.o)
                0x00006d0c                ringbuf_put
 .text.ringbuf_get
                0x00006d44       0x32 build/sky/contiki-ng-sky.a(ringbuf.o)
                0x00006d44                ringbuf_get
 .text.mac_sequence_is_duplicate
                0x00006d76       0x84 build/sky/contiki-ng-sky.a(mac-sequence.o)
                0x00006d76                mac_sequence_is_duplicate
 .text.mac_sequence_register_seqno
                0x00006dfa       0x90 build/sky/contiki-ng-sky.a(mac-sequence.o)
                0x00006dfa                mac_sequence_register_seqno
 .text.mac_call_sent_callback
                0x00006e8a       0x14 build/sky/contiki-ng-sky.a(mac.o)
                0x00006e8a                mac_call_sent_callback
 .text.parse    0x00006e9e       0xa0 build/sky/contiki-ng-sky.a(framer-802154.o)
 .text.framer_802154_setup_params
                0x00006f3e       0xb8 build/sky/contiki-ng-sky.a(framer-802154.o)
                0x00006f3e                framer_802154_setup_params
 .text.create_frame
                0x00006ff6       0xde build/sky/contiki-ng-sky.a(framer-802154.o)
 .text.create   0x000070d4        0x8 build/sky/contiki-ng-sky.a(framer-802154.o)
 .text.hdr_length
                0x000070dc        0x8 build/sky/contiki-ng-sky.a(framer-802154.o)
 .text.frame802154_get_pan_id
                0x000070e4        0x6 build/sky/contiki-ng-sky.a(frame802154.o)
                0x000070e4                frame802154_get_pan_id
 .text.frame802154_has_panid
                0x000070ea       0xe0 build/sky/contiki-ng-sky.a(frame802154.o)
                0x000070ea                frame802154_has_panid
 .text.field_len
                0x000071ca       0xac build/sky/contiki-ng-sky.a(frame802154.o)
 .text.frame802154_is_broadcast_addr
                0x00007276       0x28 build/sky/contiki-ng-sky.a(frame802154.o)
                0x00007276                frame802154_is_broadcast_addr
 .text.frame802154_hdrlen
                0x0000729e       0x32 build/sky/contiki-ng-sky.a(frame802154.o)
                0x0000729e                frame802154_hdrlen
 .text.frame802154_create_fcf
                0x000072d0       0x96 build/sky/contiki-ng-sky.a(frame802154.o)
                0x000072d0                frame802154_create_fcf
 .text.frame802154_create
                0x00007366       0xe4 build/sky/contiki-ng-sky.a(frame802154.o)
                0x00007366                frame802154_create
 .text.frame802154_parse_fcf
                0x0000744a       0xbc build/sky/contiki-ng-sky.a(frame802154.o)
                0x0000744a                frame802154_parse_fcf
 .text.frame802154_parse
                0x00007506      0x168 build/sky/contiki-ng-sky.a(frame802154.o)
                0x00007506                frame802154_parse
 .text.csma_security_create_frame
                0x0000766e       0x10 build/sky/contiki-ng-sky.a(csma-security.o)
                0x0000766e                csma_security_create_frame
 .text.csma_security_parse_frame
                0x0000767e        0x6 build/sky/contiki-ng-sky.a(csma-security.o)
                0x0000767e                csma_security_parse_frame
 .text.spi_init
                0x00007684       0x30 build/sky/contiki-ng-sky.a(spi-legacy.o)
                0x00007684                spi_init
 .text.modff    0x000076b4       0xae /usr/local/bin/../lib/gcc/msp430/4.7.2/../../../../msp430/lib/mmpy-16/libm.a(sf_modf.o)
                0x000076b4                modff
 .text.modf     0x00007762        0x6 /usr/local/bin/../lib/gcc/msp430/4.7.2/../../../../msp430/lib/mmpy-16/libm.a(sf_modf.o)
                0x00007762                modf
 .text.cosf     0x00007768       0x9e /usr/local/bin/../lib/gcc/msp430/4.7.2/../../../../msp430/lib/mmpy-16/libm.a(sf_cos.o)
                0x00007768                cosf
 .text.cos      0x00007806        0x6 /usr/local/bin/../lib/gcc/msp430/4.7.2/../../../../msp430/lib/mmpy-16/libm.a(sf_cos.o)
                0x00007806                cos
 .text.__kernel_sinf
                0x0000780c      0x184 /usr/local/bin/../lib/gcc/msp430/4.7.2/../../../../msp430/lib/mmpy-16/libm.a(kf_sin.o)
                0x0000780c                __kernel_sinf
 .text.__kernel_cosf
                0x00007990      0x1e4 /usr/local/bin/../lib/gcc/msp430/4.7.2/../../../../msp430/lib/mmpy-16/libm.a(kf_cos.o)
                0x00007990                __kernel_cosf
 .text.__ieee754_rem_pio2f
                0x00007b74      0x5c8 /usr/local/bin/../lib/gcc/msp430/4.7.2/../../../../msp430/lib/mmpy-16/libm.a(ef_rem_pio2.o)
                0x00007b74                __ieee754_rem_pio2f
 .text.__kernel_rem_pio2f
                0x0000813c      0xbe4 /usr/local/bin/../lib/gcc/msp430/4.7.2/../../../../msp430/lib/mmpy-16/libm.a(kf_rem_pio2.o)
                0x0000813c                __kernel_rem_pio2f
 .text.scalbnf  0x00008d20      0x174 /usr/local/bin/../lib/gcc/msp430/4.7.2/../../../../msp430/lib/mmpy-16/libm.a(sf_scalbn.o)
                0x00008d20                scalbnf
 .text.floorf   0x00008e94      0x10c /usr/local/bin/../lib/gcc/msp430/4.7.2/../../../../msp430/lib/mmpy-16/libm.a(sf_floor.o)
                0x00008e94                floorf
 .text.libgcc   0x00008fa0       0x40 /usr/local/bin/../lib/gcc/msp430/4.7.2/mmpy-16/libgcc.a(_udivmod32.o)
                0x00008fa0                __udivsi3
                0x00008fa0                __ext_udivmod32
                0x00008fd6                __umodsi3
 .text          0x00008fe0       0x42 /usr/local/bin/../lib/gcc/msp430/4.7.2/mmpy-16/libgcc.a(_fixunssfsi.o)
                0x00008fe0                __fixunssfsi
 .text          0x00009022      0x31e /usr/local/bin/../lib/gcc/msp430/4.7.2/mmpy-16/libgcc.a(_addsub_sf.o)
                0x000092a4                __addsf3
                0x000092f0                __subsf3
 .text          0x00009340      0x210 /usr/local/bin/../lib/gcc/msp430/4.7.2/mmpy-16/libgcc.a(_mul_sf.o)
                0x00009340                __mulsf3
 .text          0x00009550       0x4e /usr/local/bin/../lib/gcc/msp430/4.7.2/mmpy-16/libgcc.a(_eq_sf.o)
                0x00009550                __eqsf2
 .text          0x0000959e       0x4e /usr/local/bin/../lib/gcc/msp430/4.7.2/mmpy-16/libgcc.a(_gt_sf.o)
                0x0000959e                __gtsf2
 .text          0x000095ec       0x4e /usr/local/bin/../lib/gcc/msp430/4.7.2/mmpy-16/libgcc.a(_ge_sf.o)
                0x000095ec                __gesf2
 .text          0x0000963a       0x4e /usr/local/bin/../lib/gcc/msp430/4.7.2/mmpy-16/libgcc.a(_lt_sf.o)
                0x0000963a                __ltsf2
 .text          0x00009688       0xa8 /usr/local/bin/../lib/gcc/msp430/4.7.2/mmpy-16/libgcc.a(_si_to_sf.o)
                0x00009688                __floatsisf
 .text          0x00009730       0x8c /usr/local/bin/../lib/gcc/msp430/4.7.2/mmpy-16/libgcc.a(_sf_to_si.o)
                0x00009730                __fixsfsi
 .text          0x000097bc       0x72 /usr/local/bin/../lib/gcc/msp430/4.7.2/mmpy-16/libgcc.a(_clzsi2.o)
                0x000097bc                __clzsi2
 .text          0x0000982e      0x1da /usr/local/bin/../lib/gcc/msp430/4.7.2/mmpy-16/libgcc.a(_pack_sf.o)
                0x0000982e                __pack_f
 .text          0x00009a08      0x13c /usr/local/bin/../lib/gcc/msp430/4.7.2/mmpy-16/libgcc.a(_unpack_sf.o)
                0x00009a08                __unpack_f
 .text          0x00009b44       0xa4 /usr/local/bin/../lib/gcc/msp430/4.7.2/mmpy-16/libgcc.a(_fpcmp_parts_sf.o)
                0x00009b44                __fpcmp_parts_f
 .text.printf   0x00009be8       0x10 /usr/local/bin/../lib/gcc/msp430/4.7.2/../../../../msp430/lib/mmpy-16/libc.a(printf.o)
                0x00009be8                printf
 .text.print_field
                0x00009bf8      0x194 /usr/local/bin/../lib/gcc/msp430/4.7.2/../../../../msp430/lib/mmpy-16/libc.a(vuprintf.o)
 .text.vuprintf
                0x00009d8c      0x63e /usr/local/bin/../lib/gcc/msp430/4.7.2/../../../../msp430/lib/mmpy-16/libc.a(vuprintf.o)
                0x00009d8c                vuprintf
 .text.puts     0x0000a3ca       0x2c /usr/local/bin/../lib/gcc/msp430/4.7.2/../../../../msp430/lib/mmpy-16/libc.a(puts.o)
                0x0000a3ca                puts
 .text.rand     0x0000a3f6       0x26 /usr/local/bin/../lib/gcc/msp430/4.7.2/../../../../msp430/lib/mmpy-16/libc.a(rand.o)
                0x0000a3f6                rand
 .text.srand    0x0000a41c        0xa /usr/local/bin/../lib/gcc/msp430/4.7.2/../../../../msp430/lib/mmpy-16/libc.a(rand.o)
                0x0000a41c                srand
 .text.memcmp   0x0000a426       0x30 /usr/local/bin/../lib/gcc/msp430/4.7.2/../../../../msp430/lib/mmpy-16/libc.a(memcmp.o)
                0x0000a426                memcmp
 .text.memcpy   0x0000a456       0xfa /usr/local/bin/../lib/gcc/msp430/4.7.2/../../../../msp430/lib/mmpy-16/libc.a(memcpy.o)
                0x0000a456                memcpy
 .text.memset   0x0000a550       0x6a /usr/local/bin/../lib/gcc/msp430/4.7.2/../../../../msp430/lib/mmpy-16/libc.a(memset.o)
                0x0000a550                memset
 .text.libgcc   0x0000a5ba       0x2c /usr/local/bin/../lib/gcc/msp430/4.7.2/mmpy-16/libgcc.a(_mulsi3.o)
                0x0000a5ba                __mulsi3
 .text.libgcc   0x0000a5e6       0x22 /usr/local/bin/../lib/gcc/msp430/4.7.2/mmpy-16/libgcc.a(_udivmod16.o)
                0x0000a5e6                __udivhi3
                0x0000a5e6                __ext_udivmod16
                0x0000a600                __umodhi3
 .text.libgcc   0x0000a608       0xf0 /usr/local/bin/../lib/gcc/msp430/4.7.2/mmpy-16/libgcc.a(_udivmod64.o)
                0x0000a608                __xabi_udivmod64
                0x0000a666                __udivdi3
                0x0000a68c                __umoddi3
                0x0000a6ba                __udivmoddi4
 .text.crt0     0x0000a6f8        0x2 /usr/local/bin/../lib/gcc/msp430/4.7.2/mmpy-16/libcrt0.a(_unexpected_.o)
                0x0000a6f8                _unexpected_
 *(.near.text .near.text.*)

.rodata         0x0000a6fc      0x8a7
                0x0000a6fc                . = ALIGN (0x2)
 *(.rodata .rodata.* .gnu.linkonce.r.*)
 .rodata        0x0000a6fc       0x9a assignment_2.o
                0x0000a766                autostart_processes
 .rodata        0x0000a796       0xcf build/sky/obj/contiki-main.o
 *fill*         0x0000a865        0x1 00
 .rodata        0x0000a866       0x10 build/sky/contiki-ng-sky.a(button-sensor.o)
                0x0000a86e                button_sensor
 .rodata        0x0000a876        0x8 build/sky/contiki-ng-sky.a(sensors.o)
 .rodata        0x0000a87e       0x31 build/sky/contiki-ng-sky.a(platform.o)
 .rodata        0x0000a8af        0xc build/sky/contiki-ng-sky.a(etimer.o)
 *fill*         0x0000a8bb        0x1 00
 .rodata        0x0000a8bc       0x9a build/sky/contiki-ng-sky.a(log.o)
 .rodata        0x0000a956        0xf build/sky/contiki-ng-sky.a(ctimer.o)
 .rodata        0x0000a965       0x6a build/sky/contiki-ng-sky.a(stack-check.o)
 .rodata        0x0000a9cf        0xe build/sky/contiki-ng-sky.a(serial-line.o)
 *fill*         0x0000a9dd        0x1 00
 .rodata        0x0000a9de        0x8 build/sky/contiki-ng-sky.a(linkaddr.o)
                0x0000a9de                linkaddr_null
 .rodata        0x0000a9e6       0x14 build/sky/contiki-ng-sky.a(csma.o)
                0x0000a9ec                csma_driver
 .rodata        0x0000a9fa       0x10 build/sky/contiki-ng-sky.a(nullnet.o)
                0x0000aa02                nullnet_driver
 .rodata        0x0000aa0a       0x36 build/sky/contiki-ng-sky.a(nullrouting.o)
                0x0000aa16                nullrouting_driver
 .rodata.get_value
                0x0000aa40       0x34 build/sky/contiki-ng-sky.a(cc2420.o)
 .rodata.set_value
                0x0000aa74       0x10 build/sky/contiki-ng-sky.a(cc2420.o)
 .rodata        0x0000aa84       0x3e build/sky/contiki-ng-sky.a(cc2420.o)
                0x0000aa84                cc2420_aes_128_driver
                0x0000aa88                cc2420_driver
 .rodata        0x0000aac2        0x6 build/sky/contiki-ng-sky.a(framer-802154.o)
                0x0000aac2                framer_802154
 .rodata        0x0000aac8        0x2 build/sky/contiki-ng-sky.a(frame802154.o)
 .rodata.npio2_hw
                0x0000aaca       0x80 /usr/local/bin/../lib/gcc/msp430/4.7.2/../../../../msp430/lib/mmpy-16/libm.a(ef_rem_pio2.o)
 .rodata.two_over_pi
                0x0000ab4a      0x318 /usr/local/bin/../lib/gcc/msp430/4.7.2/../../../../msp430/lib/mmpy-16/libm.a(ef_rem_pio2.o)
 .rodata.init_jk
                0x0000ae62        0x6 /usr/local/bin/../lib/gcc/msp430/4.7.2/../../../../msp430/lib/mmpy-16/libm.a(kf_rem_pio2.o)
 .rodata.PIo2   0x0000ae68       0x2c /usr/local/bin/../lib/gcc/msp430/4.7.2/../../../../msp430/lib/mmpy-16/libm.a(kf_rem_pio2.o)
 .rodata        0x0000ae94        0x8 /usr/local/bin/../lib/gcc/msp430/4.7.2/mmpy-16/libgcc.a(_thenan_sf.o)
                0x0000ae94                __thenan_sf
 .rodata        0x0000ae9c      0x100 /usr/local/bin/../lib/gcc/msp430/4.7.2/mmpy-16/libgcc.a(_clz.o)
                0x0000ae9c                __clz_tab
 .rodata.vuprintf
                0x0000af9c        0x7 /usr/local/bin/../lib/gcc/msp430/4.7.2/../../../../msp430/lib/mmpy-16/libc.a(vuprintf.o)
 *(.near.rodata .near.rodata.*)
                0x0000afa4                . = ALIGN (0x2)
                0x0000afa4                _etext = .

.data           0x00001100       0xcc load address 0x0000afa4
                0x00001100                . = ALIGN (0x2)
                0x00001100                __data_start = .
 *(.data .data.* .gnu.linkonce.d.*)
 .data          0x00001100        0xa assignment_2.o
                0x00001100                dct_process
 .data          0x0000110a        0xa build/sky/contiki-ng-sky.a(sensors.o)
                0x0000110a                sensors_process
 .data          0x00001114        0x2 build/sky/contiki-ng-sky.a(msp430.o)
 .data          0x00001116        0xa build/sky/contiki-ng-sky.a(etimer.o)
                0x00001116                etimer_process
 .data          0x00001120       0x50 build/sky/contiki-ng-sky.a(log.o)
                0x00001120                all_modules
                0x0000116e                curr_log_level_main
 .data          0x00001170        0xa build/sky/contiki-ng-sky.a(ctimer.o)
                0x00001170                ctimer_process
 .data          0x0000117a        0xa build/sky/contiki-ng-sky.a(stack-check.o)
                0x0000117a                stack_check_process
 .data          0x00001184        0xa build/sky/contiki-ng-sky.a(serial-line.o)
                0x00001184                serial_line_process
 .data          0x0000118e       0x10 build/sky/contiki-ng-sky.a(queuebuf.o)
 .data          0x0000119e       0x18 build/sky/contiki-ng-sky.a(csma-output.o)
 .data          0x000011b6        0x4 build/sky/contiki-ng-sky.a(contiki-sky-pla)
                0x000011b6                sensors
 .data          0x000011ba        0xc build/sky/contiki-ng-sky.a(cc2420.o)
                0x000011ba                cc2420_process
 .data          0x000011c6        0x2 build/sky/contiki-ng-sky.a(frame802154.o)
 .data.next     0x000011c8        0x4 /usr/local/bin/../lib/gcc/msp430/4.7.2/../../../../msp430/lib/mmpy-16/libc.a(rand.o)
 *(.near.data .near.data.*)
                0x000011cc                . = ALIGN (0x2)
                0x000011cc                _edata = .
                0x0000afa4                __data_load_start = LOADADDR (.data)
                0x000000cc                __data_size = SIZEOF (.data)

.bss            0x000011cc      0xaf2 load address 0x0000b070
                0x000011cc                __bss_start = .
 *(.bss .bss.*)
 .bss           0x000011cc       0x28 assignment_2.o
 .bss           0x000011f4        0x8 build/sky/contiki-ng-sky.a(button-sensor.o)
 .bss           0x000011fc        0x6 build/sky/contiki-ng-sky.a(sensors.o)
 .bss           0x00001202        0x8 build/sky/contiki-ng-sky.a(platform.o)
 .bss           0x0000120a        0xa build/sky/contiki-ng-sky.a(clock.o)
 .bss           0x00001214        0x2 build/sky/contiki-ng-sky.a(watchdog.o)
 .bss           0x00001216        0x6 build/sky/contiki-ng-sky.a(etimer.o)
 .bss           0x0000121c       0x16 build/sky/contiki-ng-sky.a(log.o)
                0x0000121c                curr_log_level_lwm2m
                0x0000121e                curr_log_level_snmp
                0x00001220                curr_log_level_coap
                0x00001222                curr_log_level_6top
                0x00001224                curr_log_level_framer
                0x00001226                curr_log_level_mac
                0x00001228                curr_log_level_nullnet
                0x0000122a                curr_log_level_6lowpan
                0x0000122c                curr_log_level_ipv6
                0x0000122e                curr_log_level_tcpip
                0x00001230                curr_log_level_rpl
 .bss           0x00001232        0x4 build/sky/contiki-ng-sky.a(ctimer.o)
 .bss           0x00001236        0x2 build/sky/contiki-ng-sky.a(rtimer.o)
 .bss           0x00001238        0x2 build/sky/contiki-ng-sky.a(node-id.o)
                0x00001238                node_id
 .bss           0x0000123a       0xc8 build/sky/contiki-ng-sky.a(process.o)
                0x0000123a                process_current
                0x0000123c                process_list
 .bss           0x00001302        0xe build/sky/contiki-ng-sky.a(stack-check.o)
 .bss           0x00001310      0x10a build/sky/contiki-ng-sky.a(serial-line.o)
 .bss           0x0000141a      0x580 build/sky/contiki-ng-sky.a(queuebuf.o)
 .bss           0x0000199a       0x86 build/sky/contiki-ng-sky.a(packetbuf.o)
 .bss           0x00001a20       0xbe build/sky/contiki-ng-sky.a(csma-output.o)
 .bss           0x00001ade        0x2 build/sky/contiki-ng-sky.a(nullnet.o)
 .bss           0x00001ae0       0x10 build/sky/contiki-ng-sky.a(cc2420.o)
 .bss           0x00001af0       0x9a build/sky/contiki-ng-sky.a(uart1.o)
 .bss           0x00001b8a       0xe0 build/sky/contiki-ng-sky.a(mac-sequence.o)
 .bss           0x00001c6a        0x2 build/sky/contiki-ng-sky.a(framer-802154.o)
 *(.near.bss .near.bss.*)
 *(COMMON)
 COMMON         0x00001c6c        0x1 build/sky/contiki-ng-sky.a(sensors.o)
                0x00001c6c                sensors_event
 *fill*         0x00001c6d        0x1 00
 COMMON         0x00001c6e        0x2 build/sky/contiki-ng-sky.a(msp430.o)
                0x00001c6e                msp430_dco_required
 COMMON         0x00001c70        0x1 build/sky/contiki-ng-sky.a(serial-line.o)
                0x00001c70                serial_line_event_message
 *fill*         0x00001c71        0x1 00
 COMMON         0x00001c72       0x2a build/sky/contiki-ng-sky.a(packetbuf.o)
                0x00001c72                packetbuf_addrs
                0x00001c82                packetbuf_attrs
 COMMON         0x00001c9c        0x8 build/sky/contiki-ng-sky.a(linkaddr.o)
                0x00001c9c                linkaddr_node_addr
 COMMON         0x00001ca4        0x4 build/sky/contiki-ng-sky.a(nullnet.o)
                0x00001ca4                nullnet_buf
                0x00001ca6                nullnet_len
 COMMON         0x00001ca8        0x2 build/sky/contiki-ng-sky.a(contiki-sky-pla)
                0x00001ca8                sensors_flags
 COMMON         0x00001caa        0x8 build/sky/contiki-ng-sky.a(ds2411.o)
                0x00001caa                ds2411_id
 COMMON         0x00001cb2        0xc build/sky/contiki-ng-sky.a(cc2420.o)
                0x00001cb2                cc2420_last_rssi
                0x00001cb4                cc2420_sfd_start_time
                0x00001cb6                cc2420_last_correlation
                0x00001cb8                cc2420_authority_level_of_sender
                0x00001cba                cc2420_sfd_counter
                0x00001cbc                cc2420_sfd_end_time
                0x00001cbe                . = ALIGN (0x2)
                0x00001cbe                __bss_end = .
                0x00000af2                __bss_size = SIZEOF (.bss)

.noinit         0x00001cbe        0x2 load address 0x0000b070
                0x00001cbe                . = ALIGN (0x2)
                0x00001cbe                __noinit_start = .
 *(.noinit .noinit.*)
 .noinit.crt0   0x00001cbe        0x2 /usr/local/bin/../lib/gcc/msp430/4.7.2/mmpy-16/libcrt0.a(__watchdog_support.o)
                0x00001cbe                __wdt_clear_value
                0x00001cc0                . = ALIGN (0x2)
                0x00001cc0                __noinit_end = .
                0x00001cc0                . = ALIGN (0x2)
                0x00001cc0                _end = .

.infomem        0x00001000        0x0
                0x00001000                . = ALIGN (0x2)
 *(.infomem .infomem.*)

.infomemnobits  0x00001000        0x0
                0x00001000                . = ALIGN (0x2)
 *(.infomemnobits .infomemnobits.*)

.infoa          0x00001080        0x0
                0x00001080                . = ALIGN (0x2)
 *(.infoa .infoa.*)

.infob          0x00001000        0x0
                0x00001000                . = ALIGN (0x2)
 *(.infob .infob.*)

.infoc          0x00000000        0x0
                0x00000000                . = ALIGN (0x2)
 *(.infoc .infoc.*)

.infod          0x00000000        0x0
                0x00000000                . = ALIGN (0x2)
 *(.infod .infod.*)
                0x0000ffff                PROVIDE (__vte_0, 0xffff)
                0x0000ffff                PROVIDE (__vte_1, 0xffff)
                0x0000ffff                PROVIDE (__vte_2, 0xffff)
                0x0000ffff                PROVIDE (__vte_3, 0xffff)
                0x0000ffff                PROVIDE (__vte_4, 0xffff)
                0x0000ffff                PROVIDE (__vte_5, 0xffff)
                0x0000ffff                PROVIDE (__vte_6, 0xffff)
                0x0000ffff                PROVIDE (__vte_7, 0xffff)
                0x0000ffff                PROVIDE (__vte_8, 0xffff)
                0x0000ffff                PROVIDE (__vte_9, 0xffff)
                0x0000ffff                PROVIDE (__vte_10, 0xffff)
                0x0000ffff                PROVIDE (__vte_11, 0xffff)
                0x0000ffff                PROVIDE (__vte_12, 0xffff)
                0x0000ffff                PROVIDE (__vte_13, 0xffff)
                0x0000ffff                PROVIDE (__vte_14, 0xffff)
                0x0000ffff                PROVIDE (__vte_15, 0xffff)
                0x0000ffff                PROVIDE (__vte_16, 0xffff)
                0x0000ffff                PROVIDE (__vte_17, 0xffff)
                0x0000ffff                PROVIDE (__vte_18, 0xffff)
                0x0000ffff                PROVIDE (__vte_19, 0xffff)
                0x0000ffff                PROVIDE (__vte_20, 0xffff)
                0x0000ffff                PROVIDE (__vte_21, 0xffff)
                0x0000ffff                PROVIDE (__vte_22, 0xffff)
                0x0000ffff                PROVIDE (__vte_23, 0xffff)
                0x0000ffff                PROVIDE (__vte_24, 0xffff)
                0x0000ffff                PROVIDE (__vte_25, 0xffff)
                0x0000ffff                PROVIDE (__vte_26, 0xffff)
                0x0000ffff                PROVIDE (__vte_27, 0xffff)
                0x0000ffff                PROVIDE (__vte_28, 0xffff)
                0x0000ffff                PROVIDE (__vte_29, 0xffff)
                0x0000ffff                PROVIDE (__vte_30, 0xffff)
                0x0000ffff                PROVIDE (__vte_31, 0xffff)

.vectors        0x0000ffe0       0x20
                0x0000ffe0                __vectors_start = .
 *(.vectors*)
 .vectors       0x0000ffe0       0x20 /usr/local/bin/../lib/gcc/msp430/4.7.2/mmpy-16/crt0ivtbl16.o
                0x0000ffe0                __ivtbl_16
                0x00010000                _vectors_end = .

.fartext        0x00000000        0x0
                0x00000000                . = ALIGN (0x2)
 *(.fartext .fartext.*)

.far.text       0x00000000        0x0
                0x00000000                . = ALIGN (0x2)
 *(.far.text .far.text.*)

.far.rodata     0x00000000        0x0
                0x00000000                . = ALIGN (0x2)
 *(.far.rodata .far.rodata.*)
                0x00000000                . = ALIGN (0x2)
                0x00000000                _efartext = .

.far.data       0x00000000        0x0
                0x00000000                . = ALIGN (0x2)
                0x00000000                __far_data_start = .
 *(.far.data .far.data.*)
                0x00000000                . = ALIGN (0x2)
                0x00000000                _efardata = .
                0x00000000                __far_data_load_start = LOADADDR (.far.data)
                0x00000000                __far_data_size = SIZEOF (.far.data)

.far.bss        0x00000000        0x0
                0x00000000                . = ALIGN (0x2)
                0x00000000                __far_bss_start = .
 *(.far.bss .far.bss.*)
                0x00000000                . = ALIGN (0x2)
                0x00000000                __far_bss_end = .
                0x00000000                __far_bss_size = SIZEOF (.far.bss)
                0x00000000                . = ALIGN (0x2)
                0x00000000                _far_end = .

.profiler
 *(.profiler)

.stab           0x00000000    0x15ef4
 *(.stab)
 .stab          0x00000000      0xdd4 assignment_2.o
 .stab          0x00000dd4     0x1698 build/sky/obj/contiki-main.o
                               0x1998 (size before relaxing)
 .stab          0x0000246c      0x444 build/sky/contiki-ng-sky.a(button-sensor.o)
                                0x768 (size before relaxing)
 .stab          0x000028b0      0x840 build/sky/contiki-ng-sky.a(sensors.o)
                                0xb70 (size before relaxing)
 .stab          0x000030f0      0x228 build/sky/contiki-ng-sky.a(uart1-putchar.o)
                                0x6fc (size before relaxing)
 .stab          0x00003318      0xbdc build/sky/contiki-ng-sky.a(platform.o)
                               0x138c (size before relaxing)
 .stab          0x00003ef4      0x714 build/sky/contiki-ng-sky.a(msp430.o)
                                0xa38 (size before relaxing)
 .stab          0x00004608      0x900 build/sky/contiki-ng-sky.a(clock.o)
                                0xc48 (size before relaxing)
 .stab          0x00004f08      0x468 build/sky/contiki-ng-sky.a(leds.o)
                                0x828 (size before relaxing)
 .stab          0x00005370      0x384 build/sky/contiki-ng-sky.a(leds-arch.o)
                                0x744 (size before relaxing)
 .stab          0x000056f4      0x3b4 build/sky/contiki-ng-sky.a(watchdog.o)
                                0x6d8 (size before relaxing)
 .stab          0x00005aa8      0x2ac build/sky/contiki-ng-sky.a(autostart.o)
                                0x5d0 (size before relaxing)
 .stab          0x00005d54      0x270 build/sky/contiki-ng-sky.a(energest.o)
                                0x5b8 (size before relaxing)
 .stab          0x00005fc4      0xa98 build/sky/contiki-ng-sky.a(etimer.o)
                                0xdbc (size before relaxing)
 .stab          0x00006a5c      0x6f0 build/sky/contiki-ng-sky.a(log.o)
                                0xe88 (size before relaxing)
 .stab          0x0000714c      0x804 build/sky/contiki-ng-sky.a(ctimer.o)
                                0xb40 (size before relaxing)
 .stab          0x00007950      0x348 build/sky/contiki-ng-sky.a(rtimer.o)
                                0x66c (size before relaxing)
 .stab          0x00007c98      0x264 build/sky/contiki-ng-sky.a(node-id.o)
                                0x9c0 (size before relaxing)
 .stab          0x00007efc      0xb88 build/sky/contiki-ng-sky.a(process.o)
                               0x1098 (size before relaxing)
 .stab          0x00008a84      0x3b4 build/sky/contiki-ng-sky.a(timer.o)
                                0x6d8 (size before relaxing)
 .stab          0x00008e38      0x5d0 build/sky/contiki-ng-sky.a(stack-check.o)
                                0xb04 (size before relaxing)
 .stab          0x00009408      0x954 build/sky/contiki-ng-sky.a(list.o)
                                0xe40 (size before relaxing)
 .stab          0x00009d5c      0x1d4 build/sky/contiki-ng-sky.a(random.o)
                                0x51c (size before relaxing)
 .stab          0x00009f30      0x510 build/sky/contiki-ng-sky.a(serial-line.o)
                                0x9e4 (size before relaxing)
 .stab          0x0000a440      0x96c build/sky/contiki-ng-sky.a(queuebuf.o)
                               0x1758 (size before relaxing)
 .stab          0x0000adac      0xc48 build/sky/contiki-ng-sky.a(packetbuf.o)
                               0x1a40 (size before relaxing)
 .stab          0x0000b9f4      0x4a4 build/sky/contiki-ng-sky.a(netstack.o)
                                0x8b8 (size before relaxing)
 .stab          0x0000be98      0x30c build/sky/contiki-ng-sky.a(linkaddr.o)
                                0x7f8 (size before relaxing)
 .stab          0x0000c1a4      0x924 build/sky/contiki-ng-sky.a(csma.o)
                                0xee8 (size before relaxing)
 .stab          0x0000cac8      0xc30 build/sky/contiki-ng-sky.a(csma-output.o)
                               0x1590 (size before relaxing)
 .stab          0x0000d6f8      0x774 build/sky/contiki-ng-sky.a(nullnet.o)
                                0xda4 (size before relaxing)
 .stab          0x0000de6c      0x888 build/sky/contiki-ng-sky.a(nullrouting.o)
                               0x1338 (size before relaxing)
 .stab          0x0000e6f4      0x21c build/sky/contiki-ng-sky.a(contiki-sky-pla)
                                0x564 (size before relaxing)
 .stab          0x0000e910      0x600 build/sky/contiki-ng-sky.a(ds2411.o)
                                0xaec (size before relaxing)
 .stab          0x0000ef10      0x990 build/sky/contiki-ng-sky.a(xmem.o)
                                0xe88 (size before relaxing)
 .stab          0x0000f8a0     0x279c build/sky/contiki-ng-sky.a(cc2420.o)
                               0x2fa0 (size before relaxing)
 .stab          0x0001203c      0x438 build/sky/contiki-ng-sky.a(cc2420-arch.o)
                               0x11dc (size before relaxing)
 .stab          0x00012474      0x5d0 build/sky/contiki-ng-sky.a(uart1.o)
                                0x90c (size before relaxing)
 .stab          0x00012a44      0x378 build/sky/contiki-ng-sky.a(rtimer-arch.o)
                                0x69c (size before relaxing)
 .stab          0x00012dbc      0x5ac build/sky/contiki-ng-sky.a(memb.o)
                                0xab0 (size before relaxing)
 .stab          0x00013368      0x450 build/sky/contiki-ng-sky.a(ringbuf.o)
                                0x78c (size before relaxing)
 .stab          0x000137b8      0x57c build/sky/contiki-ng-sky.a(mac-sequence.o)
                               0x1374 (size before relaxing)
 .stab          0x00013d34      0x294 build/sky/contiki-ng-sky.a(mac.o)
                                0x864 (size before relaxing)
 .stab          0x00013fc8      0x7a4 build/sky/contiki-ng-sky.a(framer-802154.o)
                                0xff0 (size before relaxing)
 .stab          0x0001476c     0x1194 build/sky/contiki-ng-sky.a(frame802154.o)
                               0x1938 (size before relaxing)
 .stab          0x00015900      0x39c build/sky/contiki-ng-sky.a(csma-security.o)
                                0xce4 (size before relaxing)
 .stab          0x00015c9c      0x258 build/sky/contiki-ng-sky.a(spi-legacy.o)
                                0x57c (size before relaxing)

.stabstr        0x00000000    0x14aba
 *(.stabstr)
 .stabstr       0x00000000    0x14aba assignment_2.o

.stab.excl
 *(.stab.excl)

.stab.exclstr
 *(.stab.exclstr)

.stab.index
 *(.stab.index)

.stab.indexstr
 *(.stab.indexstr)

.comment        0x00000000       0x30
 *(.comment)
 .comment       0x00000000       0x30 assignment_2.o
                                 0x31 (size before relaxing)
 .comment       0x00000000       0x31 build/sky/obj/contiki-main.o
 .comment       0x00000000       0x31 build/sky/contiki-ng-sky.a(button-sensor.o)
 .comment       0x00000000       0x31 build/sky/contiki-ng-sky.a(sensors.o)
 .comment       0x00000000       0x31 build/sky/contiki-ng-sky.a(uart1-putchar.o)
 .comment       0x00000000       0x31 build/sky/contiki-ng-sky.a(platform.o)
 .comment       0x00000000       0x31 build/sky/contiki-ng-sky.a(msp430.o)
 .comment       0x00000000       0x31 build/sky/contiki-ng-sky.a(clock.o)
 .comment       0x00000000       0x31 build/sky/contiki-ng-sky.a(leds.o)
 .comment       0x00000000       0x31 build/sky/contiki-ng-sky.a(leds-arch.o)
 .comment       0x00000000       0x31 build/sky/contiki-ng-sky.a(watchdog.o)
 .comment       0x00000000       0x31 build/sky/contiki-ng-sky.a(autostart.o)
 .comment       0x00000000       0x31 build/sky/contiki-ng-sky.a(energest.o)
 .comment       0x00000000       0x31 build/sky/contiki-ng-sky.a(etimer.o)
 .comment       0x00000000       0x31 build/sky/contiki-ng-sky.a(log.o)
 .comment       0x00000000       0x31 build/sky/contiki-ng-sky.a(ctimer.o)
 .comment       0x00000000       0x31 build/sky/contiki-ng-sky.a(rtimer.o)
 .comment       0x00000000       0x31 build/sky/contiki-ng-sky.a(node-id.o)
 .comment       0x00000000       0x31 build/sky/contiki-ng-sky.a(process.o)
 .comment       0x00000000       0x31 build/sky/contiki-ng-sky.a(timer.o)
 .comment       0x00000000       0x31 build/sky/contiki-ng-sky.a(stack-check.o)
 .comment       0x00000000       0x31 build/sky/contiki-ng-sky.a(list.o)
 .comment       0x00000000       0x31 build/sky/contiki-ng-sky.a(random.o)
 .comment       0x00000000       0x31 build/sky/contiki-ng-sky.a(serial-line.o)
 .comment       0x00000000       0x31 build/sky/contiki-ng-sky.a(queuebuf.o)
 .comment       0x00000000       0x31 build/sky/contiki-ng-sky.a(packetbuf.o)
 .comment       0x00000000       0x31 build/sky/contiki-ng-sky.a(netstack.o)
 .comment       0x00000000       0x31 build/sky/contiki-ng-sky.a(linkaddr.o)
 .comment       0x00000000       0x31 build/sky/contiki-ng-sky.a(csma.o)
 .comment       0x00000000       0x31 build/sky/contiki-ng-sky.a(csma-output.o)
 .comment       0x00000000       0x31 build/sky/contiki-ng-sky.a(nullnet.o)
 .comment       0x00000000       0x31 build/sky/contiki-ng-sky.a(nullrouting.o)
 .comment       0x00000000       0x31 build/sky/contiki-ng-sky.a(contiki-sky-pla)
 .comment       0x00000000       0x31 build/sky/contiki-ng-sky.a(ds2411.o)
 .comment       0x00000000       0x31 build/sky/contiki-ng-sky.a(xmem.o)
 .comment       0x00000000       0x31 build/sky/contiki-ng-sky.a(cc2420.o)
 .comment       0x00000000       0x31 build/sky/contiki-ng-sky.a(cc2420-arch.o)
 .comment       0x00000000       0x31 build/sky/contiki-ng-sky.a(uart1.o)
 .comment       0x00000000       0x31 build/sky/contiki-ng-sky.a(rtimer-arch.o)
 .comment       0x00000000       0x31 build/sky/contiki-ng-sky.a(memb.o)
 .comment       0x00000000       0x31 build/sky/contiki-ng-sky.a(ringbuf.o)
 .comment       0x00000000       0x31 build/sky/contiki-ng-sky.a(mac-sequence.o)
 .comment       0x00000000       0x31 build/sky/contiki-ng-sky.a(mac.o)
 .comment       0x00000000       0x31 build/sky/contiki-ng-sky.a(framer-802154.o)
 .comment       0x00000000       0x31 build/sky/contiki-ng-sky.a(frame802154.o)
 .comment       0x00000000       0x31 build/sky/contiki-ng-sky.a(csma-security.o)
 .comment       0x00000000       0x31 build/sky/contiki-ng-sky.a(spi-legacy.o)
 .comment       0x00000000       0x31 /usr/local/bin/../lib/gcc/msp430/4.7.2/../../../../msp430/lib/mmpy-16/libm.a(sf_modf.o)
 .comment       0x00000000       0x31 /usr/local/bin/../lib/gcc/msp430/4.7.2/../../../../msp430/lib/mmpy-16/libm.a(sf_cos.o)
 .comment       0x00000000       0x31 /usr/local/bin/../lib/gcc/msp430/4.7.2/../../../../msp430/lib/mmpy-16/libm.a(kf_sin.o)
 .comment       0x00000000       0x31 /usr/local/bin/../lib/gcc/msp430/4.7.2/../../../../msp430/lib/mmpy-16/libm.a(kf_cos.o)
 .comment       0x00000000       0x31 /usr/local/bin/../lib/gcc/msp430/4.7.2/../../../../msp430/lib/mmpy-16/libm.a(ef_rem_pio2.o)
 .comment       0x00000000       0x31 /usr/local/bin/../lib/gcc/msp430/4.7.2/../../../../msp430/lib/mmpy-16/libm.a(kf_rem_pio2.o)
 .comment       0x00000000       0x31 /usr/local/bin/../lib/gcc/msp430/4.7.2/../../../../msp430/lib/mmpy-16/libm.a(sf_scalbn.o)
 .comment       0x00000000       0x31 /usr/local/bin/../lib/gcc/msp430/4.7.2/../../../../msp430/lib/mmpy-16/libm.a(sf_floor.o)
 .comment       0x00000000       0x31 /usr/local/bin/../lib/gcc/msp430/4.7.2/mmpy-16/libgcc.a(_fixunssfsi.o)
 .comment       0x00000000       0x31 /usr/local/bin/../lib/gcc/msp430/4.7.2/mmpy-16/libgcc.a(_addsub_sf.o)
 .comment       0x00000000       0x31 /usr/local/bin/../lib/gcc/msp430/4.7.2/mmpy-16/libgcc.a(_mul_sf.o)
 .comment       0x00000000       0x31 /usr/local/bin/../lib/gcc/msp430/4.7.2/mmpy-16/libgcc.a(_eq_sf.o)
 .comment       0x00000000       0x31 /usr/local/bin/../lib/gcc/msp430/4.7.2/mmpy-16/libgcc.a(_gt_sf.o)
 .comment       0x00000000       0x31 /usr/local/bin/../lib/gcc/msp430/4.7.2/mmpy-16/libgcc.a(_ge_sf.o)
 .comment       0x00000000       0x31 /usr/local/bin/../lib/gcc/msp430/4.7.2/mmpy-16/libgcc.a(_lt_sf.o)
 .comment       0x00000000       0x31 /usr/local/bin/../lib/gcc/msp430/4.7.2/mmpy-16/libgcc.a(_si_to_sf.o)
 .comment       0x00000000       0x31 /usr/local/bin/../lib/gcc/msp430/4.7.2/mmpy-16/libgcc.a(_sf_to_si.o)
 .comment       0x00000000       0x31 /usr/local/bin/../lib/gcc/msp430/4.7.2/mmpy-16/libgcc.a(_thenan_sf.o)
 .comment       0x00000000       0x31 /usr/local/bin/../lib/gcc/msp430/4.7.2/mmpy-16/libgcc.a(_clzsi2.o)
 .comment       0x00000000       0x31 /usr/local/bin/../lib/gcc/msp430/4.7.2/mmpy-16/libgcc.a(_pack_sf.o)
 .comment       0x00000000       0x31 /usr/local/bin/../lib/gcc/msp430/4.7.2/mmpy-16/libgcc.a(_unpack_sf.o)
 .comment       0x00000000       0x31 /usr/local/bin/../lib/gcc/msp430/4.7.2/mmpy-16/libgcc.a(_fpcmp_parts_sf.o)
 .comment       0x00000000       0x31 /usr/local/bin/../lib/gcc/msp430/4.7.2/mmpy-16/libgcc.a(_clz.o)
 .comment       0x00000000       0x31 /usr/local/bin/../lib/gcc/msp430/4.7.2/../../../../msp430/lib/mmpy-16/libc.a(printf.o)
 .comment       0x00000000       0x31 /usr/local/bin/../lib/gcc/msp430/4.7.2/../../../../msp430/lib/mmpy-16/libc.a(vuprintf.o)
 .comment       0x00000000       0x31 /usr/local/bin/../lib/gcc/msp430/4.7.2/../../../../msp430/lib/mmpy-16/libc.a(puts.o)
 .comment       0x00000000       0x31 /usr/local/bin/../lib/gcc/msp430/4.7.2/../../../../msp430/lib/mmpy-16/libc.a(rand.o)
 .comment       0x00000000       0x31 /usr/local/bin/../lib/gcc/msp430/4.7.2/../../../../msp430/lib/mmpy-16/libc.a(memcmp.o)
 .comment       0x00000000       0x31 /usr/local/bin/../lib/gcc/msp430/4.7.2/../../../../msp430/lib/mmpy-16/libc.a(memcpy.o)
 .comment       0x00000000       0x31 /usr/local/bin/../lib/gcc/msp430/4.7.2/../../../../msp430/lib/mmpy-16/libc.a(memset.o)

.debug
 *(.debug)

.line
 *(.line)

.debug_srcinfo
 *(.debug_srcinfo)

.debug_sfnames
 *(.debug_sfnames)

.debug_aranges  0x00000000      0x34c
 *(.debug_aranges)
 .debug_aranges
                0x00000000       0x14 /usr/local/bin/../lib/gcc/msp430/4.7.2/mmpy-16/crt0ivtbl16.o
 .debug_aranges
                0x00000014       0x18 /usr/local/bin/../lib/gcc/msp430/4.7.2/../../../../msp430/lib/mmpy-16/libm.a(sf_modf.o)
 .debug_aranges
                0x0000002c       0x18 /usr/local/bin/../lib/gcc/msp430/4.7.2/../../../../msp430/lib/mmpy-16/libm.a(sf_cos.o)
 .debug_aranges
                0x00000044       0x14 /usr/local/bin/../lib/gcc/msp430/4.7.2/../../../../msp430/lib/mmpy-16/libm.a(kf_sin.o)
 .debug_aranges
                0x00000058       0x14 /usr/local/bin/../lib/gcc/msp430/4.7.2/../../../../msp430/lib/mmpy-16/libm.a(kf_cos.o)
 .debug_aranges
                0x0000006c       0x14 /usr/local/bin/../lib/gcc/msp430/4.7.2/../../../../msp430/lib/mmpy-16/libm.a(ef_rem_pio2.o)
 .debug_aranges
                0x00000080       0x14 /usr/local/bin/../lib/gcc/msp430/4.7.2/../../../../msp430/lib/mmpy-16/libm.a(kf_rem_pio2.o)
 .debug_aranges
                0x00000094       0x18 /usr/local/bin/../lib/gcc/msp430/4.7.2/../../../../msp430/lib/mmpy-16/libm.a(sf_scalbn.o)
 .debug_aranges
                0x000000ac       0x18 /usr/local/bin/../lib/gcc/msp430/4.7.2/../../../../msp430/lib/mmpy-16/libm.a(sf_floor.o)
 .debug_aranges
                0x000000c4       0x14 /usr/local/bin/../lib/gcc/msp430/4.7.2/mmpy-16/libgcc.a(_udivmod32.o)
 .debug_aranges
                0x000000d8       0x14 /usr/local/bin/../lib/gcc/msp430/4.7.2/mmpy-16/libgcc.a(_fixunssfsi.o)
 .debug_aranges
                0x000000ec       0x14 /usr/local/bin/../lib/gcc/msp430/4.7.2/mmpy-16/libgcc.a(_addsub_sf.o)
 .debug_aranges
                0x00000100       0x14 /usr/local/bin/../lib/gcc/msp430/4.7.2/mmpy-16/libgcc.a(_mul_sf.o)
 .debug_aranges
                0x00000114       0x14 /usr/local/bin/../lib/gcc/msp430/4.7.2/mmpy-16/libgcc.a(_eq_sf.o)
 .debug_aranges
                0x00000128       0x14 /usr/local/bin/../lib/gcc/msp430/4.7.2/mmpy-16/libgcc.a(_gt_sf.o)
 .debug_aranges
                0x0000013c       0x14 /usr/local/bin/../lib/gcc/msp430/4.7.2/mmpy-16/libgcc.a(_ge_sf.o)
 .debug_aranges
                0x00000150       0x14 /usr/local/bin/../lib/gcc/msp430/4.7.2/mmpy-16/libgcc.a(_lt_sf.o)
 .debug_aranges
                0x00000164       0x14 /usr/local/bin/../lib/gcc/msp430/4.7.2/mmpy-16/libgcc.a(_si_to_sf.o)
 .debug_aranges
                0x00000178       0x14 /usr/local/bin/../lib/gcc/msp430/4.7.2/mmpy-16/libgcc.a(_sf_to_si.o)
 .debug_aranges
                0x0000018c       0x10 /usr/local/bin/../lib/gcc/msp430/4.7.2/mmpy-16/libgcc.a(_thenan_sf.o)
 .debug_aranges
                0x0000019c       0x14 /usr/local/bin/../lib/gcc/msp430/4.7.2/mmpy-16/libgcc.a(_clzsi2.o)
 .debug_aranges
                0x000001b0       0x14 /usr/local/bin/../lib/gcc/msp430/4.7.2/mmpy-16/libgcc.a(_pack_sf.o)
 .debug_aranges
                0x000001c4       0x14 /usr/local/bin/../lib/gcc/msp430/4.7.2/mmpy-16/libgcc.a(_unpack_sf.o)
 .debug_aranges
                0x000001d8       0x14 /usr/local/bin/../lib/gcc/msp430/4.7.2/mmpy-16/libgcc.a(_fpcmp_parts_sf.o)
 .debug_aranges
                0x000001ec       0x10 /usr/local/bin/../lib/gcc/msp430/4.7.2/mmpy-16/libgcc.a(_clz.o)
 .debug_aranges
                0x000001fc       0x18 /usr/local/bin/../lib/gcc/msp430/4.7.2/../../../../msp430/lib/mmpy-16/libc.a(printf.o)
 .debug_aranges
                0x00000214       0x18 /usr/local/bin/../lib/gcc/msp430/4.7.2/../../../../msp430/lib/mmpy-16/libc.a(vuprintf.o)
 .debug_aranges
                0x0000022c       0x14 /usr/local/bin/../lib/gcc/msp430/4.7.2/../../../../msp430/lib/mmpy-16/libc.a(puts.o)
 .debug_aranges
                0x00000240       0x1c /usr/local/bin/../lib/gcc/msp430/4.7.2/../../../../msp430/lib/mmpy-16/libc.a(rand.o)
 .debug_aranges
                0x0000025c       0x14 /usr/local/bin/../lib/gcc/msp430/4.7.2/../../../../msp430/lib/mmpy-16/libc.a(memcmp.o)
 .debug_aranges
                0x00000270       0x14 /usr/local/bin/../lib/gcc/msp430/4.7.2/../../../../msp430/lib/mmpy-16/libc.a(memcpy.o)
 .debug_aranges
                0x00000284       0x14 /usr/local/bin/../lib/gcc/msp430/4.7.2/../../../../msp430/lib/mmpy-16/libc.a(memset.o)
 .debug_aranges
                0x00000298       0x14 /usr/local/bin/../lib/gcc/msp430/4.7.2/mmpy-16/libgcc.a(_mulsi3.o)
 .debug_aranges
                0x000002ac       0x14 /usr/local/bin/../lib/gcc/msp430/4.7.2/mmpy-16/libgcc.a(_udivmod16.o)
 .debug_aranges
                0x000002c0       0x14 /usr/local/bin/../lib/gcc/msp430/4.7.2/mmpy-16/libgcc.a(_udivmod64.o)
 .debug_aranges
                0x000002d4       0x14 /usr/local/bin/../lib/gcc/msp430/4.7.2/mmpy-16/libcrt0.a(__watchdog_support.o)
 .debug_aranges
                0x000002e8       0x14 /usr/local/bin/../lib/gcc/msp430/4.7.2/mmpy-16/libcrt0.a(__init_stack.o)
 .debug_aranges
                0x000002fc       0x14 /usr/local/bin/../lib/gcc/msp430/4.7.2/mmpy-16/libcrt0.a(_copy_data.o)
 .debug_aranges
                0x00000310       0x14 /usr/local/bin/../lib/gcc/msp430/4.7.2/mmpy-16/libcrt0.a(_clear_bss.o)
 .debug_aranges
                0x00000324       0x14 /usr/local/bin/../lib/gcc/msp430/4.7.2/mmpy-16/libcrt0.a(_endless_loop__.o)
 .debug_aranges
                0x00000338       0x14 /usr/local/bin/../lib/gcc/msp430/4.7.2/mmpy-16/libcrt0.a(_unexpected_.o)

.debug_pubnames
 *(.debug_pubnames)

.debug_info     0x00000000     0x48be
 *(.debug_info)
 .debug_info    0x00000000       0x8f /usr/local/bin/../lib/gcc/msp430/4.7.2/mmpy-16/crt0ivtbl16.o
 .debug_info    0x0000008f      0x1fe /usr/local/bin/../lib/gcc/msp430/4.7.2/../../../../msp430/lib/mmpy-16/libm.a(sf_modf.o)
 .debug_info    0x0000028d      0x1d0 /usr/local/bin/../lib/gcc/msp430/4.7.2/../../../../msp430/lib/mmpy-16/libm.a(sf_cos.o)
 .debug_info    0x0000045d      0x16b /usr/local/bin/../lib/gcc/msp430/4.7.2/../../../../msp430/lib/mmpy-16/libm.a(kf_sin.o)
 .debug_info    0x000005c8      0x1c8 /usr/local/bin/../lib/gcc/msp430/4.7.2/../../../../msp430/lib/mmpy-16/libm.a(kf_cos.o)
 .debug_info    0x00000790      0x343 /usr/local/bin/../lib/gcc/msp430/4.7.2/../../../../msp430/lib/mmpy-16/libm.a(ef_rem_pio2.o)
 .debug_info    0x00000ad3      0x373 /usr/local/bin/../lib/gcc/msp430/4.7.2/../../../../msp430/lib/mmpy-16/libm.a(kf_rem_pio2.o)
 .debug_info    0x00000e46      0x1f5 /usr/local/bin/../lib/gcc/msp430/4.7.2/../../../../msp430/lib/mmpy-16/libm.a(sf_scalbn.o)
 .debug_info    0x0000103b      0x184 /usr/local/bin/../lib/gcc/msp430/4.7.2/../../../../msp430/lib/mmpy-16/libm.a(sf_floor.o)
 .debug_info    0x000011bf       0x8c /usr/local/bin/../lib/gcc/msp430/4.7.2/mmpy-16/libgcc.a(_udivmod32.o)
 .debug_info    0x0000124b       0xb6 /usr/local/bin/../lib/gcc/msp430/4.7.2/mmpy-16/libgcc.a(_fixunssfsi.o)
 .debug_info    0x00001301      0x50d /usr/local/bin/../lib/gcc/msp430/4.7.2/mmpy-16/libgcc.a(_addsub_sf.o)
 .debug_info    0x0000180e      0x447 /usr/local/bin/../lib/gcc/msp430/4.7.2/mmpy-16/libgcc.a(_mul_sf.o)
 .debug_info    0x00001c55      0x2fa /usr/local/bin/../lib/gcc/msp430/4.7.2/mmpy-16/libgcc.a(_eq_sf.o)
 .debug_info    0x00001f4f      0x2fa /usr/local/bin/../lib/gcc/msp430/4.7.2/mmpy-16/libgcc.a(_gt_sf.o)
 .debug_info    0x00002249      0x2fa /usr/local/bin/../lib/gcc/msp430/4.7.2/mmpy-16/libgcc.a(_ge_sf.o)
 .debug_info    0x00002543      0x2fa /usr/local/bin/../lib/gcc/msp430/4.7.2/mmpy-16/libgcc.a(_lt_sf.o)
 .debug_info    0x0000283d      0x243 /usr/local/bin/../lib/gcc/msp430/4.7.2/mmpy-16/libgcc.a(_si_to_sf.o)
 .debug_info    0x00002a80      0x2cb /usr/local/bin/../lib/gcc/msp430/4.7.2/mmpy-16/libgcc.a(_sf_to_si.o)
 .debug_info    0x00002d4b      0x167 /usr/local/bin/../lib/gcc/msp430/4.7.2/mmpy-16/libgcc.a(_thenan_sf.o)
 .debug_info    0x00002eb2      0x111 /usr/local/bin/../lib/gcc/msp430/4.7.2/mmpy-16/libgcc.a(_clzsi2.o)
 .debug_info    0x00002fc3      0x2ba /usr/local/bin/../lib/gcc/msp430/4.7.2/mmpy-16/libgcc.a(_pack_sf.o)
 .debug_info    0x0000327d      0x24a /usr/local/bin/../lib/gcc/msp430/4.7.2/mmpy-16/libgcc.a(_unpack_sf.o)
 .debug_info    0x000034c7      0x1dd /usr/local/bin/../lib/gcc/msp430/4.7.2/mmpy-16/libgcc.a(_fpcmp_parts_sf.o)
 .debug_info    0x000036a4       0xc3 /usr/local/bin/../lib/gcc/msp430/4.7.2/mmpy-16/libgcc.a(_clz.o)
 .debug_info    0x00003767      0x16e /usr/local/bin/../lib/gcc/msp430/4.7.2/../../../../msp430/lib/mmpy-16/libc.a(printf.o)
 .debug_info    0x000038d5      0x5d4 /usr/local/bin/../lib/gcc/msp430/4.7.2/../../../../msp430/lib/mmpy-16/libc.a(vuprintf.o)
 .debug_info    0x00003ea9       0xc7 /usr/local/bin/../lib/gcc/msp430/4.7.2/../../../../msp430/lib/mmpy-16/libc.a(puts.o)
 .debug_info    0x00003f70      0x146 /usr/local/bin/../lib/gcc/msp430/4.7.2/../../../../msp430/lib/mmpy-16/libc.a(rand.o)
 .debug_info    0x000040b6       0xe5 /usr/local/bin/../lib/gcc/msp430/4.7.2/../../../../msp430/lib/mmpy-16/libc.a(memcmp.o)
 .debug_info    0x0000419b      0x12c /usr/local/bin/../lib/gcc/msp430/4.7.2/../../../../msp430/lib/mmpy-16/libc.a(memcpy.o)
 .debug_info    0x000042c7      0x117 /usr/local/bin/../lib/gcc/msp430/4.7.2/../../../../msp430/lib/mmpy-16/libc.a(memset.o)
 .debug_info    0x000043de       0x8c /usr/local/bin/../lib/gcc/msp430/4.7.2/mmpy-16/libgcc.a(_mulsi3.o)
 .debug_info    0x0000446a       0x8c /usr/local/bin/../lib/gcc/msp430/4.7.2/mmpy-16/libgcc.a(_udivmod16.o)
 .debug_info    0x000044f6       0x8c /usr/local/bin/../lib/gcc/msp430/4.7.2/mmpy-16/libgcc.a(_udivmod64.o)
 .debug_info    0x00004582       0x8a /usr/local/bin/../lib/gcc/msp430/4.7.2/mmpy-16/libcrt0.a(__watchdog_support.o)
 .debug_info    0x0000460c       0x8a /usr/local/bin/../lib/gcc/msp430/4.7.2/mmpy-16/libcrt0.a(__init_stack.o)
 .debug_info    0x00004696       0x8a /usr/local/bin/../lib/gcc/msp430/4.7.2/mmpy-16/libcrt0.a(_copy_data.o)
 .debug_info    0x00004720       0x8a /usr/local/bin/../lib/gcc/msp430/4.7.2/mmpy-16/libcrt0.a(_clear_bss.o)
 .debug_info    0x000047aa       0x8a /usr/local/bin/../lib/gcc/msp430/4.7.2/mmpy-16/libcrt0.a(_endless_loop__.o)
 .debug_info    0x00004834       0x8a /usr/local/bin/../lib/gcc/msp430/4.7.2/mmpy-16/libcrt0.a(_unexpected_.o)
 *(.gnu.linkonce.wi.*)

.debug_abbrev   0x00000000     0x245e
 *(.debug_abbrev)
 .debug_abbrev  0x00000000       0x14 /usr/local/bin/../lib/gcc/msp430/4.7.2/mmpy-16/crt0ivtbl16.o
 .debug_abbrev  0x00000014      0x12b /usr/local/bin/../lib/gcc/msp430/4.7.2/../../../../msp430/lib/mmpy-16/libm.a(sf_modf.o)
 .debug_abbrev  0x0000013f      0x12d /usr/local/bin/../lib/gcc/msp430/4.7.2/../../../../msp430/lib/mmpy-16/libm.a(sf_cos.o)
 .debug_abbrev  0x0000026c       0xa7 /usr/local/bin/../lib/gcc/msp430/4.7.2/../../../../msp430/lib/mmpy-16/libm.a(kf_sin.o)
 .debug_abbrev  0x00000313       0xc8 /usr/local/bin/../lib/gcc/msp430/4.7.2/../../../../msp430/lib/mmpy-16/libm.a(kf_cos.o)
 .debug_abbrev  0x000003db      0x14c /usr/local/bin/../lib/gcc/msp430/4.7.2/../../../../msp430/lib/mmpy-16/libm.a(ef_rem_pio2.o)
 .debug_abbrev  0x00000527      0x15a /usr/local/bin/../lib/gcc/msp430/4.7.2/../../../../msp430/lib/mmpy-16/libm.a(kf_rem_pio2.o)
 .debug_abbrev  0x00000681      0x11c /usr/local/bin/../lib/gcc/msp430/4.7.2/../../../../msp430/lib/mmpy-16/libm.a(sf_scalbn.o)
 .debug_abbrev  0x0000079d       0xf9 /usr/local/bin/../lib/gcc/msp430/4.7.2/../../../../msp430/lib/mmpy-16/libm.a(sf_floor.o)
 .debug_abbrev  0x00000896       0x14 /usr/local/bin/../lib/gcc/msp430/4.7.2/mmpy-16/libgcc.a(_udivmod32.o)
 .debug_abbrev  0x000008aa       0x60 /usr/local/bin/../lib/gcc/msp430/4.7.2/mmpy-16/libgcc.a(_fixunssfsi.o)
 .debug_abbrev  0x0000090a      0x202 /usr/local/bin/../lib/gcc/msp430/4.7.2/mmpy-16/libgcc.a(_addsub_sf.o)
 .debug_abbrev  0x00000b0c      0x23a /usr/local/bin/../lib/gcc/msp430/4.7.2/mmpy-16/libgcc.a(_mul_sf.o)
 .debug_abbrev  0x00000d46      0x1a5 /usr/local/bin/../lib/gcc/msp430/4.7.2/mmpy-16/libgcc.a(_eq_sf.o)
 .debug_abbrev  0x00000eeb      0x1a5 /usr/local/bin/../lib/gcc/msp430/4.7.2/mmpy-16/libgcc.a(_gt_sf.o)